[2026-01-23T15:51:59.397Z] info: Discord bot is ready! 🤖
[2026-01-23T15:52:21.378Z] info: Received command: group from user: 1280802417100980258
[2026-01-23T15:52:21.382Z] info: Received group command: group=g1, semester=s4, composedGroup=g1s4a
[2026-01-23T16:09:35.885Z] info: Received command: group from user: 753999071135400026
[2026-01-23T16:09:35.886Z] info: Received group command: group=g4, semester=s4, composedGroup=g4s4a
[2026-01-23T16:10:05.688Z] info: Received command: group from user: 508173129743335455
[2026-01-23T16:10:05.689Z] info: Received group command: group=but3ra1, semester=s4, composedGroup=but3ra1a
[2026-01-23T16:10:33.030Z] info: Received command: group from user: 683955902336073729
[2026-01-23T16:10:33.032Z] info: Received group command: group=g1, semester=s4, composedGroup=g1s4a
[2026-01-23T16:10:33.184Z] info: Received command: group from user: 508173129743335455
[2026-01-23T16:10:33.186Z] info: Received group command: group=but3ra1, semester=s4, composedGroup=but3ra1a
[2026-01-23T16:10:43.679Z] info: Received command: group from user: 429589855995953154
[2026-01-23T16:10:43.680Z] info: Received group command: group=g4, semester=s4, composedGroup=g4s4a
[2026-01-23T16:10:45.830Z] info: Received command: group from user: 690513558101819462
[2026-01-23T16:10:45.830Z] info: Received group command: group=g1, semester=, composedGroup=noGroup
[2026-01-23T16:11:02.107Z] info: Received command: group from user: 690513558101819462
[2026-01-23T16:11:02.108Z] info: Received group command: group=g1, semester=, composedGroup=noGroup
[2026-01-23T16:11:09.788Z] info: Received command: group from user: 508173129743335455
[2026-01-23T16:11:09.790Z] info: Received group command: group=g1, semester=s4, composedGroup=g1s4a
[2026-01-23T16:12:05.400Z] info: Received command: group from user: 596359299236626453
[2026-01-23T16:12:05.401Z] info: Received group command: group=g4, semester=s4, composedGroup=g4s4a
[2026-01-23T16:13:10.428Z] info: Received command: group from user: 207086644229046272
[2026-01-23T16:13:10.429Z] info: Received group command: group=g2, semester=s4, composedGroup=g2s4a
[2026-01-23T16:13:32.243Z] info: Received command: group from user: 694249062957842463
[2026-01-23T16:13:32.244Z] info: Received group command: group=g2, semester=s4, composedGroup=g2s4a
[2026-01-23T16:13:40.023Z] info: Received command: group from user: 539501974413115403
[2026-01-23T16:13:40.024Z] info: Received group command: group=g4, semester=s4, composedGroup=g4s4a
[2026-01-23T16:14:04.190Z] info: Received command: group from user: 690513558101819462
[2026-01-23T16:14:04.191Z] info: Received group command: group=g1, semester=s4, composedGroup=g1s4a
[2026-01-23T16:15:49.874Z] info: Received command: group from user: 1150842935953326152
[2026-01-23T16:15:49.875Z] info: Received group command: group=g1, semester=s4, composedGroup=g1s4a
[2026-01-23T16:19:58.094Z] info: Received command: group from user: 899747261473501275
[2026-01-23T16:19:58.095Z] info: Received group command: group=g4, semester=, composedGroup=noGroup
[2026-01-23T16:20:32.294Z] info: Received command: group from user: 899747261473501275
[2026-01-23T16:20:32.295Z] info: Received group command: group=g4, semester=s4, composedGroup=g4s4a
[2026-01-23T16:24:42.456Z] info: Received command: group from user: 624632278248587284
[2026-01-23T16:24:42.457Z] info: Received group command: group=g1, semester=s4, composedGroup=g1s4a
[2026-01-23T16:26:11.646Z] info: Received command: group from user: 1078408403531079810
[2026-01-23T16:26:11.647Z] info: Received group command: group=g2, semester=s4, composedGroup=g2s4a
[2026-01-23T16:26:35.094Z] info: Received command: group from user: 471035150063370240
[2026-01-23T16:26:35.094Z] info: Received group command: group=g2, semester=s4, composedGroup=g2s4a
[2026-01-23T16:27:32.234Z] info: Received command: group from user: 897851894993678376
[2026-01-23T16:27:32.235Z] info: Received group command: group=g4, semester=s4, composedGroup=g4s4a
[2026-01-23T16:28:53.953Z] info: Received command: group from user: 543562666443014157
[2026-01-23T16:28:53.954Z] info: Received group command: group=g1, semester=s4, composedGroup=g1s4a
[2026-01-23T16:34:34.850Z] info: Received command: group from user: 664516424114634762
[2026-01-23T16:34:34.851Z] info: Received group command: group=g4, semester=, composedGroup=noGroup
[2026-01-23T16:35:13.148Z] info: Received command: group from user: 664516424114634762
[2026-01-23T16:35:13.149Z] info: Received group command: group=g4, semester=s4, composedGroup=g4s4a
[2026-01-23T16:36:14.590Z] info: Received command: group from user: 1283016018741956679
[2026-01-23T16:36:14.591Z] info: Received group command: group=g4, semester=s4, composedGroup=g4s4a
[2026-01-23T16:37:06.305Z] info: Received command: group from user: 778183916653248553
[2026-01-23T16:37:06.306Z] info: Received group command: group=g4, semester=s4, composedGroup=g4s4a
[2026-01-23T16:39:23.738Z] info: Received command: group from user: 581889045777612810
[2026-01-23T16:39:23.739Z] info: Received group command: group=g1, semester=s4, composedGroup=g1s4a
[2026-01-23T16:58:59.797Z] info: Received command: group from user: 1240254668140056606
[2026-01-23T16:58:59.798Z] info: Received group command: group=g1, semester=s4, composedGroup=g1s4a
[2026-01-23T17:48:54.021Z] info: Received command: group from user: 347669401962676224
[2026-01-23T17:48:54.021Z] info: Received group command: group=g2, semester=s4, composedGroup=g2s4a
[2026-01-23T18:55:34.329Z] info: Received command: group from user: 522370507668979747
[2026-01-23T18:55:34.329Z] info: Received group command: group=g4, semester=s4, composedGroup=g4s4a
[2026-01-23T21:42:14.405Z] info: Received command: group from user: 274146578191876096
[2026-01-23T21:42:14.405Z] info: Received group command: group=g2, semester=s4, composedGroup=g2s4a
[2026-01-23T21:59:58.765Z] info: Received command: group from user: 538382590126850068
[2026-01-23T21:59:58.766Z] info: Received group command: group=g2, semester=s4, composedGroup=g2s4a
[2026-01-24T10:39:20.390Z] info: Received command: group from user: 658390703247720478
[2026-01-24T10:39:20.391Z] info: Received group command: group=g1, semester=s4, composedGroup=g1s4a
[2026-01-24T15:55:13.041Z] info: Received command: group from user: 448926992042033152
[2026-01-24T15:55:13.042Z] info: Received group command: group=g1, semester=s4, composedGroup=g1s4a
[2026-01-24T16:45:55.294Z] info: Received command: group from user: 404335632236937226
[2026-01-24T16:45:55.295Z] info: Received group command: group=g4, semester=s4, composedGroup=g4s4a
[2026-01-24T23:56:03.106Z] info: Received command: group from user: 532530270323343360
[2026-01-24T23:56:03.106Z] info: Received group command: group=g1, semester=s4, composedGroup=g1s4a
[2026-01-25T12:39:49.640Z] info: Received command: group from user: 824272792282988584
[2026-01-25T12:39:49.641Z] info: Received group command: group=g4, semester=s4, composedGroup=g4s4a
[2026-01-25T17:50:00.118Z] info: Downloading ICS files for next week for groups: aspea, aspeb, g1s2a, g1s2b, g2s2a, g2s2b, g3s2a, g3s2b, g4s2a, g4s2b, g5s2a, g5s2b, g1s4a, g1s4b, g2s4a, g2s4b, g3a2, g4s4a, g4s4b, but3ra1a, but3ra1b, but3ra2a, but3ra2b, but3ra3a, but3ra3b, but3dacs, but3aged
[2026-01-25T17:50:00.120Z] info: Downloading ICS file from https://edt.univ-lyon1.fr/jsp/custom/modules/plannings/anonymous_cal.jsp?resources=9272&projectId=1&calType=ical&firstDate=2025-08-18&lastDate=2026-08-01 to src/calendars/nextweek/aspea.ics
[2026-01-25T17:50:00.524Z] info: ICS file downloaded successfully to src/calendars/nextweek/aspea.ics
[2026-01-25T17:50:00.525Z] info: ICS file for aspea downloaded successfully.
[2026-01-25T17:50:00.525Z] info: Downloading ICS file from https://edt.univ-lyon1.fr/jsp/custom/modules/plannings/anonymous_cal.jsp?resources=18783&projectId=1&calType=ical&firstDate=2025-08-18&lastDate=2026-08-01 to src/calendars/nextweek/aspeb.ics
[2026-01-25T17:50:00.651Z] info: ICS file downloaded successfully to src/calendars/nextweek/aspeb.ics
[2026-01-25T17:50:00.651Z] info: ICS file for aspeb downloaded successfully.
[2026-01-25T17:50:00.651Z] info: Downloading ICS file from https://edt.univ-lyon1.fr/jsp/custom/modules/plannings/anonymous_cal.jsp?resources=51542&projectId=1&calType=ical&firstDate=2025-08-18&lastDate=2026-08-01 to src/calendars/nextweek/g1s2a.ics
[2026-01-25T17:50:00.836Z] info: ICS file downloaded successfully to src/calendars/nextweek/g1s2a.ics
[2026-01-25T17:50:00.837Z] info: ICS file for g1s2a downloaded successfully.
[2026-01-25T17:50:00.837Z] info: Downloading ICS file from https://edt.univ-lyon1.fr/jsp/custom/modules/plannings/anonymous_cal.jsp?resources=51543&projectId=1&calType=ical&firstDate=2025-08-18&lastDate=2026-08-01 to src/calendars/nextweek/g1s2b.ics
[2026-01-25T17:50:01.069Z] info: ICS file downloaded successfully to src/calendars/nextweek/g1s2b.ics
[2026-01-25T17:50:01.069Z] info: ICS file for g1s2b downloaded successfully.
[2026-01-25T17:50:01.069Z] info: Downloading ICS file from https://edt.univ-lyon1.fr/jsp/custom/modules/plannings/anonymous_cal.jsp?resources=51545&projectId=1&calType=ical&firstDate=2025-08-18&lastDate=2026-08-01 to src/calendars/nextweek/g2s2a.ics
[2026-01-25T17:50:01.240Z] info: ICS file downloaded successfully to src/calendars/nextweek/g2s2a.ics
[2026-01-25T17:50:01.240Z] info: ICS file for g2s2a downloaded successfully.
[2026-01-25T17:50:01.241Z] info: Downloading ICS file from https://edt.univ-lyon1.fr/jsp/custom/modules/plannings/anonymous_cal.jsp?resources=51546&projectId=1&calType=ical&firstDate=2025-08-18&lastDate=2026-08-01 to src/calendars/nextweek/g2s2b.ics
[2026-01-25T17:50:01.471Z] info: ICS file downloaded successfully to src/calendars/nextweek/g2s2b.ics
[2026-01-25T17:50:01.471Z] info: ICS file for g2s2b downloaded successfully.
[2026-01-25T17:50:01.472Z] info: Downloading ICS file from https://edt.univ-lyon1.fr/jsp/custom/modules/plannings/anonymous_cal.jsp?resources=51548&projectId=1&calType=ical&firstDate=2025-08-18&lastDate=2026-08-01 to src/calendars/nextweek/g3s2a.ics
[2026-01-25T17:50:01.690Z] info: ICS file downloaded successfully to src/calendars/nextweek/g3s2a.ics
[2026-01-25T17:50:01.690Z] info: ICS file for g3s2a downloaded successfully.
[2026-01-25T17:50:01.690Z] info: Downloading ICS file from https://edt.univ-lyon1.fr/jsp/custom/modules/plannings/anonymous_cal.jsp?resources=51549&projectId=1&calType=ical&firstDate=2025-08-18&lastDate=2026-08-01 to src/calendars/nextweek/g3s2b.ics
[2026-01-25T17:50:01.915Z] info: ICS file downloaded successfully to src/calendars/nextweek/g3s2b.ics
[2026-01-25T17:50:01.915Z] info: ICS file for g3s2b downloaded successfully.
[2026-01-25T17:50:01.916Z] info: Downloading ICS file from https://edt.univ-lyon1.fr/jsp/custom/modules/plannings/anonymous_cal.jsp?resources=51551&projectId=1&calType=ical&firstDate=2025-08-18&lastDate=2026-08-01 to src/calendars/nextweek/g4s2a.ics
[2026-01-25T17:50:02.146Z] info: ICS file downloaded successfully to src/calendars/nextweek/g4s2a.ics
[2026-01-25T17:50:02.146Z] info: ICS file for g4s2a downloaded successfully.
[2026-01-25T17:50:02.147Z] info: Downloading ICS file from https://edt.univ-lyon1.fr/jsp/custom/modules/plannings/anonymous_cal.jsp?resources=51552&projectId=1&calType=ical&firstDate=2025-08-18&lastDate=2026-08-01 to src/calendars/nextweek/g4s2b.ics
[2026-01-25T17:50:02.378Z] info: ICS file downloaded successfully to src/calendars/nextweek/g4s2b.ics
[2026-01-25T17:50:02.379Z] info: ICS file for g4s2b downloaded successfully.
[2026-01-25T17:50:02.379Z] info: Downloading ICS file from https://edt.univ-lyon1.fr/jsp/custom/modules/plannings/anonymous_cal.jsp?resources=51554&projectId=1&calType=ical&firstDate=2025-08-18&lastDate=2026-08-01 to src/calendars/nextweek/g5s2a.ics
[2026-01-25T17:50:02.573Z] info: ICS file downloaded successfully to src/calendars/nextweek/g5s2a.ics
[2026-01-25T17:50:02.574Z] info: ICS file for g5s2a downloaded successfully.
[2026-01-25T17:50:02.574Z] info: Downloading ICS file from https://edt.univ-lyon1.fr/jsp/custom/modules/plannings/anonymous_cal.jsp?resources=51555&projectId=1&calType=ical&firstDate=2025-08-18&lastDate=2026-08-01 to src/calendars/nextweek/g5s2b.ics
[2026-01-25T17:50:02.768Z] info: ICS file downloaded successfully to src/calendars/nextweek/g5s2b.ics
[2026-01-25T17:50:02.769Z] info: ICS file for g5s2b downloaded successfully.
[2026-01-25T17:50:02.769Z] info: Downloading ICS file from https://edt.univ-lyon1.fr/jsp/custom/modules/plannings/anonymous_cal.jsp?resources=85875&projectId=1&calType=ical&firstDate=2025-08-18&lastDate=2026-08-01 to src/calendars/nextweek/g1s4a.ics
[2026-01-25T17:50:02.933Z] info: ICS file downloaded successfully to src/calendars/nextweek/g1s4a.ics
[2026-01-25T17:50:02.933Z] info: ICS file for g1s4a downloaded successfully.
[2026-01-25T17:50:02.934Z] info: Downloading ICS file from https://edt.univ-lyon1.fr/jsp/custom/modules/plannings/anonymous_cal.jsp?resources=85876&projectId=1&calType=ical&firstDate=2025-08-18&lastDate=2026-08-01 to src/calendars/nextweek/g1s4b.ics
[2026-01-25T17:50:03.053Z] info: ICS file downloaded successfully to src/calendars/nextweek/g1s4b.ics
[2026-01-25T17:50:03.053Z] info: ICS file for g1s4b downloaded successfully.
[2026-01-25T17:50:03.053Z] info: Downloading ICS file from https://edt.univ-lyon1.fr/jsp/custom/modules/plannings/anonymous_cal.jsp?resources=85873&projectId=1&calType=ical&firstDate=2025-08-18&lastDate=2026-08-01 to src/calendars/nextweek/g2s4a.ics
[2026-01-25T17:50:03.184Z] info: ICS file downloaded successfully to src/calendars/nextweek/g2s4a.ics
[2026-01-25T17:50:03.185Z] info: ICS file for g2s4a downloaded successfully.
[2026-01-25T17:50:03.185Z] info: Downloading ICS file from https://edt.univ-lyon1.fr/jsp/custom/modules/plannings/anonymous_cal.jsp?resources=85874&projectId=1&calType=ical&firstDate=2025-08-18&lastDate=2026-08-01 to src/calendars/nextweek/g2s4b.ics
[2026-01-25T17:50:03.359Z] info: ICS file downloaded successfully to src/calendars/nextweek/g2s4b.ics
[2026-01-25T17:50:03.360Z] info: ICS file for g2s4b downloaded successfully.
[2026-01-25T17:50:03.360Z] info: Downloading ICS file from https://edt.univ-lyon1.fr/jsp/custom/modules/plannings/anonymous_cal.jsp?resources=35714&projectId=1&calType=ical&firstDate=2025-08-18&lastDate=2026-08-01 to src/calendars/nextweek/g3a2.ics
[2026-01-25T17:50:03.542Z] info: ICS file downloaded successfully to src/calendars/nextweek/g3a2.ics
[2026-01-25T17:50:03.542Z] info: ICS file for g3a2 downloaded successfully.
[2026-01-25T17:50:03.543Z] info: Downloading ICS file from https://edt.univ-lyon1.fr/jsp/custom/modules/plannings/anonymous_cal.jsp?resources=85877&projectId=1&calType=ical&firstDate=2025-08-18&lastDate=2026-08-01 to src/calendars/nextweek/g4s4a.ics
[2026-01-25T17:50:03.709Z] info: ICS file downloaded successfully to src/calendars/nextweek/g4s4a.ics
[2026-01-25T17:50:03.710Z] info: ICS file for g4s4a downloaded successfully.
[2026-01-25T17:50:03.710Z] info: Downloading ICS file from https://edt.univ-lyon1.fr/jsp/custom/modules/plannings/anonymous_cal.jsp?resources=85878&projectId=1&calType=ical&firstDate=2025-08-18&lastDate=2026-08-01 to src/calendars/nextweek/g4s4b.ics
[2026-01-25T17:50:03.873Z] info: ICS file downloaded successfully to src/calendars/nextweek/g4s4b.ics
[2026-01-25T17:50:03.874Z] info: ICS file for g4s4b downloaded successfully.
[2026-01-25T17:50:03.874Z] info: Downloading ICS file from https://edt.univ-lyon1.fr/jsp/custom/modules/plannings/anonymous_cal.jsp?resources=6161&projectId=1&calType=ical&firstDate=2025-08-18&lastDate=2026-08-01 to src/calendars/nextweek/but3ra1a.ics
[2026-01-25T17:50:04.118Z] info: ICS file downloaded successfully to src/calendars/nextweek/but3ra1a.ics
[2026-01-25T17:50:04.119Z] info: ICS file for but3ra1a downloaded successfully.
[2026-01-25T17:50:04.119Z] info: Downloading ICS file from https://edt.univ-lyon1.fr/jsp/custom/modules/plannings/anonymous_cal.jsp?resources=6163&projectId=1&calType=ical&firstDate=2025-08-18&lastDate=2026-08-01 to src/calendars/nextweek/but3ra1b.ics
[2026-01-25T17:50:04.401Z] info: ICS file downloaded successfully to src/calendars/nextweek/but3ra1b.ics
[2026-01-25T17:50:04.402Z] info: ICS file for but3ra1b downloaded successfully.
[2026-01-25T17:50:04.406Z] info: Downloading ICS file from https://edt.univ-lyon1.fr/jsp/custom/modules/plannings/anonymous_cal.jsp?resources=6165&projectId=1&calType=ical&firstDate=2025-08-18&lastDate=2026-08-01 to src/calendars/nextweek/but3ra2a.ics
[2026-01-25T17:50:04.624Z] info: ICS file downloaded successfully to src/calendars/nextweek/but3ra2a.ics
[2026-01-25T17:50:04.625Z] info: ICS file for but3ra2a downloaded successfully.
[2026-01-25T17:50:04.625Z] info: Downloading ICS file from https://edt.univ-lyon1.fr/jsp/custom/modules/plannings/anonymous_cal.jsp?resources=6168&projectId=1&calType=ical&firstDate=2025-08-18&lastDate=2026-08-01 to src/calendars/nextweek/but3ra2b.ics
[2026-01-25T17:50:04.851Z] info: ICS file downloaded successfully to src/calendars/nextweek/but3ra2b.ics
[2026-01-25T17:50:04.852Z] info: ICS file for but3ra2b downloaded successfully.
[2026-01-25T17:50:04.852Z] info: Downloading ICS file from https://edt.univ-lyon1.fr/jsp/custom/modules/plannings/anonymous_cal.jsp?resources=14059&projectId=1&calType=ical&firstDate=2025-08-18&lastDate=2026-08-01 to src/calendars/nextweek/but3ra3a.ics
[2026-01-25T17:50:05.089Z] info: ICS file downloaded successfully to src/calendars/nextweek/but3ra3a.ics
[2026-01-25T17:50:05.089Z] info: ICS file for but3ra3a downloaded successfully.
[2026-01-25T17:50:05.090Z] info: Downloading ICS file from https://edt.univ-lyon1.fr/jsp/custom/modules/plannings/anonymous_cal.jsp?resources=14064&projectId=1&calType=ical&firstDate=2025-08-18&lastDate=2026-08-01 to src/calendars/nextweek/but3ra3b.ics
[2026-01-25T17:50:05.340Z] info: ICS file downloaded successfully to src/calendars/nextweek/but3ra3b.ics
[2026-01-25T17:50:05.340Z] info: ICS file for but3ra3b downloaded successfully.
[2026-01-25T17:50:05.340Z] info: Downloading ICS file from https://edt.univ-lyon1.fr/jsp/custom/modules/plannings/anonymous_cal.jsp?resources=6136&projectId=1&calType=ical&firstDate=2025-08-18&lastDate=2026-08-01 to src/calendars/nextweek/but3dacs.ics
[2026-01-25T17:50:05.573Z] info: ICS file downloaded successfully to src/calendars/nextweek/but3dacs.ics
[2026-01-25T17:50:05.574Z] info: ICS file for but3dacs downloaded successfully.
[2026-01-25T17:50:05.574Z] info: Downloading ICS file from https://edt.univ-lyon1.fr/jsp/custom/modules/plannings/anonymous_cal.jsp?resources=6048&projectId=1&calType=ical&firstDate=2025-08-18&lastDate=2026-08-01 to src/calendars/nextweek/but3aged.ics
[2026-01-25T17:50:05.817Z] info: ICS file downloaded successfully to src/calendars/nextweek/but3aged.ics
[2026-01-25T17:50:05.818Z] info: ICS file for but3aged downloaded successfully.
[2026-01-25T17:50:05.818Z] info: Sending weekly timetables
[2026-01-25T17:50:05.933Z] info: Message sent to channel 1395371772550975558 in 465 parts.
[2026-01-25T17:50:05.976Z] info: Message sent to channel 1330181732573515806 in 236 parts.
[2026-01-25T17:50:06.005Z] info: Message sent to channel 1330181903877144647 in 236 parts.
[2026-01-25T17:50:06.030Z] info: Message sent to channel 1330181754371313717 in 237 parts.
[2026-01-25T17:50:06.072Z] info: Message sent to channel 1330181915248168971 in 237 parts.
[2026-01-25T17:50:06.134Z] info: Message sent to channel 1330181766161633320 in 237 parts.
[2026-01-25T17:50:06.223Z] info: Message sent to channel 1330181925775605760 in 237 parts.
[2026-01-25T17:50:06.252Z] info: Message sent to channel 1330181783794221076 in 237 parts.
[2026-01-25T17:50:06.279Z] info: Message sent to channel 1330181940665647228 in 237 parts.
[2026-01-25T17:50:06.302Z] info: Message sent to channel 1330181795181891634 in 236 parts.
[2026-01-25T17:50:06.325Z] info: Message sent to channel 1330181955337195631 in 236 parts.
[2026-01-25T17:50:06.336Z] info: Message sent to channel 1330181810289905847 in 128 parts.
[2026-01-25T17:50:06.350Z] info: Message sent to channel 1330181968075165769 in 128 parts.
[2026-01-25T17:50:06.362Z] info: Message sent to channel 1330181829667328071 in 128 parts.
[2026-01-25T17:50:06.374Z] info: Message sent to channel 1330181981320777738 in 128 parts.
[2026-01-25T17:50:06.405Z] info: Message sent to channel 1395371640291983370 in 293 parts.
[2026-01-25T17:50:06.418Z] info: Message sent to channel 1330181841524756501 in 129 parts.
[2026-01-25T17:50:06.431Z] info: Message sent to channel 1330181996743364679 in 129 parts.
[2026-01-25T17:50:06.455Z] info: Message sent to channel 1409494181839376455 in 289 parts.
[2026-01-25T17:50:06.483Z] info: Message sent to channel 1409494206942286006 in 292 parts.
[2026-01-25T17:50:06.509Z] info: Message sent to channel 1409494803489488986 in 285 parts.
[2026-01-25T17:50:06.536Z] info: Message sent to channel 1409494819574775808 in 284 parts.
[2026-01-25T17:50:06.564Z] info: Message sent to channel 1409495503292338257 in 286 parts.
[2026-01-25T17:50:06.588Z] info: Message sent to channel 1409495513891344426 in 287 parts.
[2026-01-25T17:50:06.609Z] info: Message sent to channel 1409495882436706366 in 231 parts.
[2026-01-25T17:50:06.629Z] info: Message sent to channel 1409496113396060181 in 241 parts.
[2026-01-25T17:50:06.630Z] info: Weekly timetables sent
[2026-01-25T18:00:00.069Z] info: Downloading ICS files for tomorrow for groups: aspea, aspeb, g1s2a, g1s2b, g2s2a, g2s2b, g3s2a, g3s2b, g4s2a, g4s2b, g5s2a, g5s2b, g1s4a, g1s4b, g2s4a, g2s4b, g3a2, g4s4a, g4s4b, but3ra1a, but3ra1b, but3ra2a, but3ra2b, but3ra3a, but3ra3b, but3dacs, but3aged
[2026-01-25T18:00:00.070Z] info: Downloading ICS file from https://edt.univ-lyon1.fr/jsp/custom/modules/plannings/anonymous_cal.jsp?resources=9272&projectId=1&calType=ical&firstDate=2025-08-18&lastDate=2026-08-01 to src/calendars/tomorrow/aspea.ics
[2026-01-25T18:00:00.438Z] info: ICS file downloaded successfully to src/calendars/tomorrow/aspea.ics
[2026-01-25T18:00:00.438Z] info: ICS file for aspea downloaded successfully.
[2026-01-25T18:00:00.439Z] info: Downloading ICS file from https://edt.univ-lyon1.fr/jsp/custom/modules/plannings/anonymous_cal.jsp?resources=18783&projectId=1&calType=ical&firstDate=2025-08-18&lastDate=2026-08-01 to src/calendars/tomorrow/aspeb.ics
[2026-01-25T18:00:00.521Z] info: ICS file downloaded successfully to src/calendars/tomorrow/aspeb.ics
[2026-01-25T18:00:00.522Z] info: ICS file for aspeb downloaded successfully.
[2026-01-25T18:00:00.522Z] info: Downloading ICS file from https://edt.univ-lyon1.fr/jsp/custom/modules/plannings/anonymous_cal.jsp?resources=51542&projectId=1&calType=ical&firstDate=2025-08-18&lastDate=2026-08-01 to src/calendars/tomorrow/g1s2a.ics
[2026-01-25T18:00:00.701Z] info: ICS file downloaded successfully to src/calendars/tomorrow/g1s2a.ics
[2026-01-25T18:00:00.702Z] info: ICS file for g1s2a downloaded successfully.
[2026-01-25T18:00:00.702Z] info: Downloading ICS file from https://edt.univ-lyon1.fr/jsp/custom/modules/plannings/anonymous_cal.jsp?resources=51543&projectId=1&calType=ical&firstDate=2025-08-18&lastDate=2026-08-01 to src/calendars/tomorrow/g1s2b.ics
[2026-01-25T18:00:00.900Z] info: ICS file downloaded successfully to src/calendars/tomorrow/g1s2b.ics
[2026-01-25T18:00:00.900Z] info: ICS file for g1s2b downloaded successfully.
[2026-01-25T18:00:00.901Z] info: Downloading ICS file from https://edt.univ-lyon1.fr/jsp/custom/modules/plannings/anonymous_cal.jsp?resources=51545&projectId=1&calType=ical&firstDate=2025-08-18&lastDate=2026-08-01 to src/calendars/tomorrow/g2s2a.ics
[2026-01-25T18:00:01.153Z] info: ICS file downloaded successfully to src/calendars/tomorrow/g2s2a.ics
[2026-01-25T18:00:01.153Z] info: ICS file for g2s2a downloaded successfully.
[2026-01-25T18:00:01.153Z] info: Downloading ICS file from https://edt.univ-lyon1.fr/jsp/custom/modules/plannings/anonymous_cal.jsp?resources=51546&projectId=1&calType=ical&firstDate=2025-08-18&lastDate=2026-08-01 to src/calendars/tomorrow/g2s2b.ics
[2026-01-25T18:00:01.414Z] info: ICS file downloaded successfully to src/calendars/tomorrow/g2s2b.ics
[2026-01-25T18:00:01.415Z] info: ICS file for g2s2b downloaded successfully.
[2026-01-25T18:00:01.415Z] info: Downloading ICS file from https://edt.univ-lyon1.fr/jsp/custom/modules/plannings/anonymous_cal.jsp?resources=51548&projectId=1&calType=ical&firstDate=2025-08-18&lastDate=2026-08-01 to src/calendars/tomorrow/g3s2a.ics
[2026-01-25T18:00:01.624Z] info: ICS file downloaded successfully to src/calendars/tomorrow/g3s2a.ics
[2026-01-25T18:00:01.624Z] info: ICS file for g3s2a downloaded successfully.
[2026-01-25T18:00:01.625Z] info: Downloading ICS file from https://edt.univ-lyon1.fr/jsp/custom/modules/plannings/anonymous_cal.jsp?resources=51549&projectId=1&calType=ical&firstDate=2025-08-18&lastDate=2026-08-01 to src/calendars/tomorrow/g3s2b.ics
[2026-01-25T18:00:01.823Z] info: ICS file downloaded successfully to src/calendars/tomorrow/g3s2b.ics
[2026-01-25T18:00:01.823Z] info: ICS file for g3s2b downloaded successfully.
[2026-01-25T18:00:01.824Z] info: Downloading ICS file from https://edt.univ-lyon1.fr/jsp/custom/modules/plannings/anonymous_cal.jsp?resources=51551&projectId=1&calType=ical&firstDate=2025-08-18&lastDate=2026-08-01 to src/calendars/tomorrow/g4s2a.ics
[2026-01-25T18:00:02.023Z] info: ICS file downloaded successfully to src/calendars/tomorrow/g4s2a.ics
[2026-01-25T18:00:02.023Z] info: ICS file for g4s2a downloaded successfully.
[2026-01-25T18:00:02.023Z] info: Downloading ICS file from https://edt.univ-lyon1.fr/jsp/custom/modules/plannings/anonymous_cal.jsp?resources=51552&projectId=1&calType=ical&firstDate=2025-08-18&lastDate=2026-08-01 to src/calendars/tomorrow/g4s2b.ics
[2026-01-25T18:00:02.289Z] info: ICS file downloaded successfully to src/calendars/tomorrow/g4s2b.ics
[2026-01-25T18:00:02.290Z] info: ICS file for g4s2b downloaded successfully.
[2026-01-25T18:00:02.290Z] info: Downloading ICS file from https://edt.univ-lyon1.fr/jsp/custom/modules/plannings/anonymous_cal.jsp?resources=51554&projectId=1&calType=ical&firstDate=2025-08-18&lastDate=2026-08-01 to src/calendars/tomorrow/g5s2a.ics
[2026-01-25T18:00:02.493Z] info: ICS file downloaded successfully to src/calendars/tomorrow/g5s2a.ics
[2026-01-25T18:00:02.494Z] info: ICS file for g5s2a downloaded successfully.
[2026-01-25T18:00:02.494Z] info: Downloading ICS file from https://edt.univ-lyon1.fr/jsp/custom/modules/plannings/anonymous_cal.jsp?resources=51555&projectId=1&calType=ical&firstDate=2025-08-18&lastDate=2026-08-01 to src/calendars/tomorrow/g5s2b.ics
[2026-01-25T18:00:02.671Z] info: ICS file downloaded successfully to src/calendars/tomorrow/g5s2b.ics
[2026-01-25T18:00:02.672Z] info: ICS file for g5s2b downloaded successfully.
[2026-01-25T18:00:02.672Z] info: Downloading ICS file from https://edt.univ-lyon1.fr/jsp/custom/modules/plannings/anonymous_cal.jsp?resources=85875&projectId=1&calType=ical&firstDate=2025-08-18&lastDate=2026-08-01 to src/calendars/tomorrow/g1s4a.ics
[2026-01-25T18:00:02.848Z] info: ICS file downloaded successfully to src/calendars/tomorrow/g1s4a.ics
[2026-01-25T18:00:02.848Z] info: ICS file for g1s4a downloaded successfully.
[2026-01-25T18:00:02.848Z] info: Downloading ICS file from https://edt.univ-lyon1.fr/jsp/custom/modules/plannings/anonymous_cal.jsp?resources=85876&projectId=1&calType=ical&firstDate=2025-08-18&lastDate=2026-08-01 to src/calendars/tomorrow/g1s4b.ics
[2026-01-25T18:00:03.025Z] info: ICS file downloaded successfully to src/calendars/tomorrow/g1s4b.ics
[2026-01-25T18:00:03.026Z] info: ICS file for g1s4b downloaded successfully.
[2026-01-25T18:00:03.026Z] info: Downloading ICS file from https://edt.univ-lyon1.fr/jsp/custom/modules/plannings/anonymous_cal.jsp?resources=85873&projectId=1&calType=ical&firstDate=2025-08-18&lastDate=2026-08-01 to src/calendars/tomorrow/g2s4a.ics
[2026-01-25T18:00:03.201Z] info: ICS file downloaded successfully to src/calendars/tomorrow/g2s4a.ics
[2026-01-25T18:00:03.201Z] info: ICS file for g2s4a downloaded successfully.
[2026-01-25T18:00:03.201Z] info: Downloading ICS file from https://edt.univ-lyon1.fr/jsp/custom/modules/plannings/anonymous_cal.jsp?resources=85874&projectId=1&calType=ical&firstDate=2025-08-18&lastDate=2026-08-01 to src/calendars/tomorrow/g2s4b.ics
[2026-01-25T18:00:03.385Z] info: ICS file downloaded successfully to src/calendars/tomorrow/g2s4b.ics
[2026-01-25T18:00:03.387Z] info: ICS file for g2s4b downloaded successfully.
[2026-01-25T18:00:03.387Z] info: Downloading ICS file from https://edt.univ-lyon1.fr/jsp/custom/modules/plannings/anonymous_cal.jsp?resources=35714&projectId=1&calType=ical&firstDate=2025-08-18&lastDate=2026-08-01 to src/calendars/tomorrow/g3a2.ics
[2026-01-25T18:00:03.635Z] info: ICS file downloaded successfully to src/calendars/tomorrow/g3a2.ics
[2026-01-25T18:00:03.636Z] info: ICS file for g3a2 downloaded successfully.
[2026-01-25T18:00:03.636Z] info: Downloading ICS file from https://edt.univ-lyon1.fr/jsp/custom/modules/plannings/anonymous_cal.jsp?resources=85877&projectId=1&calType=ical&firstDate=2025-08-18&lastDate=2026-08-01 to src/calendars/tomorrow/g4s4a.ics
[2026-01-25T18:00:03.813Z] info: ICS file downloaded successfully to src/calendars/tomorrow/g4s4a.ics
[2026-01-25T18:00:03.813Z] info: ICS file for g4s4a downloaded successfully.
[2026-01-25T18:00:03.814Z] info: Downloading ICS file from https://edt.univ-lyon1.fr/jsp/custom/modules/plannings/anonymous_cal.jsp?resources=85878&projectId=1&calType=ical&firstDate=2025-08-18&lastDate=2026-08-01 to src/calendars/tomorrow/g4s4b.ics
[2026-01-25T18:00:03.976Z] info: ICS file downloaded successfully to src/calendars/tomorrow/g4s4b.ics
[2026-01-25T18:00:03.976Z] info: ICS file for g4s4b downloaded successfully.
[2026-01-25T18:00:03.976Z] info: Downloading ICS file from https://edt.univ-lyon1.fr/jsp/custom/modules/plannings/anonymous_cal.jsp?resources=6161&projectId=1&calType=ical&firstDate=2025-08-18&lastDate=2026-08-01 to src/calendars/tomorrow/but3ra1a.ics
[2026-01-25T18:00:04.235Z] info: ICS file downloaded successfully to src/calendars/tomorrow/but3ra1a.ics
[2026-01-25T18:00:04.235Z] info: ICS file for but3ra1a downloaded successfully.
[2026-01-25T18:00:04.236Z] info: Downloading ICS file from https://edt.univ-lyon1.fr/jsp/custom/modules/plannings/anonymous_cal.jsp?resources=6163&projectId=1&calType=ical&firstDate=2025-08-18&lastDate=2026-08-01 to src/calendars/tomorrow/but3ra1b.ics
[2026-01-25T18:00:04.453Z] info: ICS file downloaded successfully to src/calendars/tomorrow/but3ra1b.ics
[2026-01-25T18:00:04.454Z] info: ICS file for but3ra1b downloaded successfully.
[2026-01-25T18:00:04.454Z] info: Downloading ICS file from https://edt.univ-lyon1.fr/jsp/custom/modules/plannings/anonymous_cal.jsp?resources=6165&projectId=1&calType=ical&firstDate=2025-08-18&lastDate=2026-08-01 to src/calendars/tomorrow/but3ra2a.ics
[2026-01-25T18:00:04.686Z] info: ICS file downloaded successfully to src/calendars/tomorrow/but3ra2a.ics
[2026-01-25T18:00:04.686Z] info: ICS file for but3ra2a downloaded successfully.
[2026-01-25T18:00:04.686Z] info: Downloading ICS file from https://edt.univ-lyon1.fr/jsp/custom/modules/plannings/anonymous_cal.jsp?resources=6168&projectId=1&calType=ical&firstDate=2025-08-18&lastDate=2026-08-01 to src/calendars/tomorrow/but3ra2b.ics
[2026-01-25T18:00:04.939Z] info: ICS file downloaded successfully to src/calendars/tomorrow/but3ra2b.ics
[2026-01-25T18:00:04.940Z] info: ICS file for but3ra2b downloaded successfully.
[2026-01-25T18:00:04.940Z] info: Downloading ICS file from https://edt.univ-lyon1.fr/jsp/custom/modules/plannings/anonymous_cal.jsp?resources=14059&projectId=1&calType=ical&firstDate=2025-08-18&lastDate=2026-08-01 to src/calendars/tomorrow/but3ra3a.ics
[2026-01-25T18:00:05.161Z] info: ICS file downloaded successfully to src/calendars/tomorrow/but3ra3a.ics
[2026-01-25T18:00:05.161Z] info: ICS file for but3ra3a downloaded successfully.
[2026-01-25T18:00:05.161Z] info: Downloading ICS file from https://edt.univ-lyon1.fr/jsp/custom/modules/plannings/anonymous_cal.jsp?resources=14064&projectId=1&calType=ical&firstDate=2025-08-18&lastDate=2026-08-01 to src/calendars/tomorrow/but3ra3b.ics
[2026-01-25T18:01:05.253Z] error: Failed to download file at https://edt.univ-lyon1.fr/jsp/custom/modules/plannings/anonymous_cal.jsp?resources=14064&projectId=1&calType=ical&firstDate=2025-08-18&lastDate=2026-08-01, ERROR: 504
[2026-01-25T18:01:05.255Z] error: Échec du téléchargement pour but3ra3b : Failed to download file: 504
[2026-01-25T18:01:05.256Z] info: Downloading ICS file from https://edt.univ-lyon1.fr/jsp/custom/modules/plannings/anonymous_cal.jsp?resources=6136&projectId=1&calType=ical&firstDate=2025-08-18&lastDate=2026-08-01 to src/calendars/tomorrow/but3dacs.ics
[2026-01-25T18:01:05.474Z] info: ICS file downloaded successfully to src/calendars/tomorrow/but3dacs.ics
[2026-01-25T18:01:05.475Z] info: ICS file for but3dacs downloaded successfully.
[2026-01-25T18:01:05.475Z] info: Downloading ICS file from https://edt.univ-lyon1.fr/jsp/custom/modules/plannings/anonymous_cal.jsp?resources=6048&projectId=1&calType=ical&firstDate=2025-08-18&lastDate=2026-08-01 to src/calendars/tomorrow/but3aged.ics
[2026-01-25T18:01:05.691Z] info: ICS file downloaded successfully to src/calendars/tomorrow/but3aged.ics
[2026-01-25T18:01:05.692Z] info: ICS file for but3aged downloaded successfully.
[2026-01-25T18:01:05.698Z] info: Sending daily timetables
[2026-01-25T18:01:05.853Z] info: Message sent to channel 1395371772550975558 in 465 parts.
[2026-01-25T18:01:05.886Z] info: Message sent to channel 1330181732573515806 in 236 parts.
[2026-01-25T18:01:05.911Z] info: Message sent to channel 1330181903877144647 in 236 parts.
[2026-01-25T18:01:05.933Z] info: Message sent to channel 1330181754371313717 in 237 parts.
[2026-01-25T18:01:05.956Z] info: Message sent to channel 1330181915248168971 in 237 parts.
[2026-01-25T18:01:05.984Z] info: Message sent to channel 1330181766161633320 in 237 parts.
[2026-01-25T18:01:06.006Z] info: Message sent to channel 1330181925775605760 in 237 parts.
[2026-01-25T18:01:06.029Z] info: Message sent to channel 1330181783794221076 in 237 parts.
[2026-01-25T18:01:06.049Z] info: Message sent to channel 1330181940665647228 in 237 parts.
[2026-01-25T18:01:06.071Z] info: Message sent to channel 1330181795181891634 in 236 parts.
[2026-01-25T18:01:06.093Z] info: Message sent to channel 1330181955337195631 in 236 parts.
[2026-01-25T18:01:06.105Z] info: Message sent to channel 1330181810289905847 in 128 parts.
[2026-01-25T18:01:06.118Z] info: Message sent to channel 1330181968075165769 in 128 parts.
[2026-01-25T18:01:06.129Z] info: Message sent to channel 1330181829667328071 in 128 parts.
[2026-01-25T18:01:06.143Z] info: Message sent to channel 1330181981320777738 in 128 parts.
[2026-01-25T18:01:06.168Z] info: Message sent to channel 1395371640291983370 in 293 parts.
[2026-01-25T18:01:06.182Z] info: Message sent to channel 1330181841524756501 in 129 parts.
[2026-01-25T18:01:06.193Z] info: Message sent to channel 1330181996743364679 in 129 parts.
[2026-01-25T18:01:06.219Z] info: Message sent to channel 1409494181839376455 in 289 parts.
[2026-01-25T18:01:06.243Z] info: Message sent to channel 1409494206942286006 in 292 parts.
[2026-01-25T18:01:06.268Z] info: Message sent to channel 1409494803489488986 in 285 parts.
[2026-01-25T18:01:06.332Z] info: Message sent to channel 1409494819574775808 in 284 parts.
[2026-01-25T18:01:06.358Z] info: Message sent to channel 1409495503292338257 in 286 parts.
[2026-01-25T18:01:06.359Z] info: Sending message to channel 1409495513891344426: Aucun calendrier trouvé pour le groupe but3ra3b pour tomorrow.
[2026-01-25T18:01:06.359Z] info: Message sent to channel 1409495513891344426: Aucun calendrier trouvé pour le groupe but3ra3b pour tomorrow.
[2026-01-25T18:01:06.382Z] info: Message sent to channel 1409495882436706366 in 231 parts.
[2026-01-25T18:01:06.406Z] info: Message sent to channel 1409496113396060181 in 241 parts.
[2026-01-25T18:01:06.406Z] info: Daily timetables sent
