[2026-01-25T19:08:45.456Z] info: Discord bot is ready! 🤖
[2026-01-25T19:09:04.403Z] info: Received command: broadcast from user: 1280802417100980258
[2026-01-25T19:09:04.408Z] info: Received broadcast command: action=create, group=test, message=null, channel=none
[2026-01-25T19:09:36.283Z] info: Received command: broadcast from user: 1280802417100980258
[2026-01-25T19:09:36.284Z] info: Received broadcast command: action=add, group=test, message=null, channel=486949679418834946
[2026-01-25T19:10:49.531Z] info: Received command: broadcast from user: 1280802417100980258
[2026-01-25T19:10:49.532Z] info: Received broadcast command: action=send, group=test, message=# Le bot a planté, ne pas tenir compte des messages précédents, channel=none
[2026-01-25T19:10:49.533Z] info: Sending message to channel 486949679418834946: # Le bot a planté, ne pas tenir compte des messages précédents
[2026-01-25T19:10:49.535Z] info: Message sent to channel 486949679418834946: # Le bot a planté, ne pas tenir compte des messages précédents
[2026-01-25T19:12:22.865Z] info: Received command: broadcast from user: 1280802417100980258
[2026-01-25T19:12:22.866Z] info: Received broadcast command: action=send, group=test, message=# 🚨  Le bot a planté, ne pas tenir compte des messages précédents 🚨, channel=none
[2026-01-25T19:12:22.867Z] info: Sending message to channel 486949679418834946: # 🚨  Le bot a planté, ne pas tenir compte des messages précédents 🚨
[2026-01-25T19:12:22.868Z] info: Message sent to channel 486949679418834946: # 🚨  Le bot a planté, ne pas tenir compte des messages précédents 🚨
[2026-01-25T19:12:50.078Z] info: Received command: broadcast from user: 1280802417100980258
[2026-01-25T19:12:50.079Z] info: Received broadcast command: action=send, group=edtS2, message=# 🚨  Le bot a planté, ne pas tenir compte des messages précédents 🚨, channel=none
[2026-01-25T19:12:50.080Z] info: Sending message to channel 1330181732573515806: # 🚨  Le bot a planté, ne pas tenir compte des messages précédents 🚨
[2026-01-25T19:12:50.080Z] info: Message sent to channel 1330181732573515806: # 🚨  Le bot a planté, ne pas tenir compte des messages précédents 🚨
[2026-01-25T19:12:50.080Z] info: Sending message to channel 1330181903877144647: # 🚨  Le bot a planté, ne pas tenir compte des messages précédents 🚨
[2026-01-25T19:12:50.081Z] info: Message sent to channel 1330181903877144647: # 🚨  Le bot a planté, ne pas tenir compte des messages précédents 🚨
[2026-01-25T19:12:50.082Z] info: Sending message to channel 1330181754371313717: # 🚨  Le bot a planté, ne pas tenir compte des messages précédents 🚨
[2026-01-25T19:12:50.082Z] info: Message sent to channel 1330181754371313717: # 🚨  Le bot a planté, ne pas tenir compte des messages précédents 🚨
[2026-01-25T19:12:50.083Z] info: Sending message to channel 1330181915248168971: # 🚨  Le bot a planté, ne pas tenir compte des messages précédents 🚨
[2026-01-25T19:12:50.083Z] info: Message sent to channel 1330181915248168971: # 🚨  Le bot a planté, ne pas tenir compte des messages précédents 🚨
[2026-01-25T19:12:50.083Z] info: Sending message to channel 1330181766161633320: # 🚨  Le bot a planté, ne pas tenir compte des messages précédents 🚨
[2026-01-25T19:12:50.084Z] info: Message sent to channel 1330181766161633320: # 🚨  Le bot a planté, ne pas tenir compte des messages précédents 🚨
[2026-01-25T19:12:50.084Z] info: Sending message to channel 1330181925775605760: # 🚨  Le bot a planté, ne pas tenir compte des messages précédents 🚨
[2026-01-25T19:12:50.084Z] info: Message sent to channel 1330181925775605760: # 🚨  Le bot a planté, ne pas tenir compte des messages précédents 🚨
[2026-01-25T19:12:50.084Z] info: Sending message to channel 1330181783794221076: # 🚨  Le bot a planté, ne pas tenir compte des messages précédents 🚨
[2026-01-25T19:12:50.085Z] info: Message sent to channel 1330181783794221076: # 🚨  Le bot a planté, ne pas tenir compte des messages précédents 🚨
[2026-01-25T19:12:50.085Z] info: Sending message to channel 1330181940665647228: # 🚨  Le bot a planté, ne pas tenir compte des messages précédents 🚨
[2026-01-25T19:12:50.086Z] info: Message sent to channel 1330181940665647228: # 🚨  Le bot a planté, ne pas tenir compte des messages précédents 🚨
[2026-01-25T19:12:50.086Z] info: Sending message to channel 1330181795181891634: # 🚨  Le bot a planté, ne pas tenir compte des messages précédents 🚨
[2026-01-25T19:12:50.086Z] info: Message sent to channel 1330181795181891634: # 🚨  Le bot a planté, ne pas tenir compte des messages précédents 🚨
[2026-01-25T19:12:50.086Z] info: Sending message to channel 1330181955337195631: # 🚨  Le bot a planté, ne pas tenir compte des messages précédents 🚨
[2026-01-25T19:12:50.087Z] info: Message sent to channel 1330181955337195631: # 🚨  Le bot a planté, ne pas tenir compte des messages précédents 🚨
[2026-01-25T19:13:17.988Z] info: Received command: broadcast from user: 1280802417100980258
[2026-01-25T19:13:17.989Z] info: Received broadcast command: action=send, group=edtS4, message=# 🚨  Le bot a planté, ne pas tenir compte des messages précédents 🚨, channel=none
[2026-01-25T19:13:17.989Z] info: Sending message to channel 1330181810289905847: # 🚨  Le bot a planté, ne pas tenir compte des messages précédents 🚨
[2026-01-25T19:13:17.989Z] info: Message sent to channel 1330181810289905847: # 🚨  Le bot a planté, ne pas tenir compte des messages précédents 🚨
[2026-01-25T19:13:17.990Z] info: Sending message to channel 1330181968075165769: # 🚨  Le bot a planté, ne pas tenir compte des messages précédents 🚨
[2026-01-25T19:13:17.990Z] info: Message sent to channel 1330181968075165769: # 🚨  Le bot a planté, ne pas tenir compte des messages précédents 🚨
[2026-01-25T19:13:17.990Z] info: Sending message to channel 1330181829667328071: # 🚨  Le bot a planté, ne pas tenir compte des messages précédents 🚨
[2026-01-25T19:13:17.992Z] info: Message sent to channel 1330181829667328071: # 🚨  Le bot a planté, ne pas tenir compte des messages précédents 🚨
[2026-01-25T19:13:17.992Z] info: Sending message to channel 1330181981320777738: # 🚨  Le bot a planté, ne pas tenir compte des messages précédents 🚨
[2026-01-25T19:13:17.992Z] info: Message sent to channel 1330181981320777738: # 🚨  Le bot a planté, ne pas tenir compte des messages précédents 🚨
[2026-01-25T19:13:17.992Z] info: Sending message to channel 1395371640291983370: # 🚨  Le bot a planté, ne pas tenir compte des messages précédents 🚨
[2026-01-25T19:13:17.993Z] info: Message sent to channel 1395371640291983370: # 🚨  Le bot a planté, ne pas tenir compte des messages précédents 🚨
[2026-01-25T19:13:17.993Z] info: Sending message to channel 1330181841524756501: # 🚨  Le bot a planté, ne pas tenir compte des messages précédents 🚨
[2026-01-25T19:13:17.994Z] info: Message sent to channel 1330181841524756501: # 🚨  Le bot a planté, ne pas tenir compte des messages précédents 🚨
[2026-01-25T19:13:17.994Z] info: Sending message to channel 1330181996743364679: # 🚨  Le bot a planté, ne pas tenir compte des messages précédents 🚨
[2026-01-25T19:13:17.995Z] info: Message sent to channel 1330181996743364679: # 🚨  Le bot a planté, ne pas tenir compte des messages précédents 🚨
[2026-01-25T19:13:31.963Z] info: Received command: broadcast from user: 1280802417100980258
[2026-01-25T19:13:31.964Z] info: Received broadcast command: action=send, group=edtBUT3, message=# 🚨  Le bot a planté, ne pas tenir compte des messages précédents 🚨, channel=none
[2026-01-25T19:13:31.964Z] info: Sending message to channel 1409494181839376455: # 🚨  Le bot a planté, ne pas tenir compte des messages précédents 🚨
[2026-01-25T19:13:31.964Z] info: Message sent to channel 1409494181839376455: # 🚨  Le bot a planté, ne pas tenir compte des messages précédents 🚨
[2026-01-25T19:13:31.965Z] info: Sending message to channel 1409494206942286006: # 🚨  Le bot a planté, ne pas tenir compte des messages précédents 🚨
[2026-01-25T19:13:31.965Z] info: Message sent to channel 1409494206942286006: # 🚨  Le bot a planté, ne pas tenir compte des messages précédents 🚨
[2026-01-25T19:13:31.965Z] info: Sending message to channel 1409494803489488986: # 🚨  Le bot a planté, ne pas tenir compte des messages précédents 🚨
[2026-01-25T19:13:31.965Z] info: Message sent to channel 1409494803489488986: # 🚨  Le bot a planté, ne pas tenir compte des messages précédents 🚨
[2026-01-25T19:13:31.965Z] info: Sending message to channel 1409494819574775808: # 🚨  Le bot a planté, ne pas tenir compte des messages précédents 🚨
[2026-01-25T19:13:31.966Z] info: Message sent to channel 1409494819574775808: # 🚨  Le bot a planté, ne pas tenir compte des messages précédents 🚨
[2026-01-25T19:13:31.966Z] info: Sending message to channel 1409495503292338257: # 🚨  Le bot a planté, ne pas tenir compte des messages précédents 🚨
[2026-01-25T19:13:31.967Z] info: Message sent to channel 1409495503292338257: # 🚨  Le bot a planté, ne pas tenir compte des messages précédents 🚨
[2026-01-25T19:13:31.967Z] info: Sending message to channel 1409495513891344426: # 🚨  Le bot a planté, ne pas tenir compte des messages précédents 🚨
[2026-01-25T19:13:31.967Z] info: Message sent to channel 1409495513891344426: # 🚨  Le bot a planté, ne pas tenir compte des messages précédents 🚨
[2026-01-25T19:13:31.967Z] info: Sending message to channel 1409495882436706366: # 🚨  Le bot a planté, ne pas tenir compte des messages précédents 🚨
[2026-01-25T19:13:31.967Z] info: Message sent to channel 1409495882436706366: # 🚨  Le bot a planté, ne pas tenir compte des messages précédents 🚨
[2026-01-25T19:13:31.967Z] info: Sending message to channel 1409496113396060181: # 🚨  Le bot a planté, ne pas tenir compte des messages précédents 🚨
[2026-01-25T19:13:31.968Z] info: Message sent to channel 1409496113396060181: # 🚨  Le bot a planté, ne pas tenir compte des messages précédents 🚨
[2026-01-25T19:13:40.856Z] info: Received command: broadcast from user: 1280802417100980258
[2026-01-25T19:13:40.856Z] info: Received broadcast command: action=send, group=edtASPE, message=# 🚨  Le bot a planté, ne pas tenir compte des messages précédents 🚨, channel=none
[2026-01-25T19:13:40.857Z] info: Sending message to channel 1395371772550975558: # 🚨  Le bot a planté, ne pas tenir compte des messages précédents 🚨
[2026-01-25T19:13:40.857Z] info: Message sent to channel 1395371772550975558: # 🚨  Le bot a planté, ne pas tenir compte des messages précédents 🚨
[2026-01-25T19:13:40.857Z] info: Sending message to channel 1395371789298700358: # 🚨  Le bot a planté, ne pas tenir compte des messages précédents 🚨
[2026-01-25T19:13:40.857Z] info: Message sent to channel 1395371789298700358: # 🚨  Le bot a planté, ne pas tenir compte des messages précédents 🚨
[2026-01-25T19:14:46.271Z] info: Received command: send_week from user: 1280802417100980258
[2026-01-25T19:14:50.703Z] info: Downloading ICS files for next week for groups: aspea, aspeb, g1s2a, g1s2b, g2s2a, g2s2b, g3s2a, g3s2b, g4s2a, g4s2b, g5s2a, g5s2b, g1s4a, g1s4b, g2s4a, g2s4b, g3a2, g4s4a, g4s4b, but3ra1a, but3ra1b, but3ra2a, but3ra2b, but3ra3a, but3ra3b, but3dacs, but3aged
[2026-01-25T19:14:50.705Z] info: Downloading ICS file from https://edt.univ-lyon1.fr/jsp/custom/modules/plannings/anonymous_cal.jsp?resources=9272&projectId=1&calType=ical&firstDate=2026-01-26&lastDate=2026-02-01 to src/calendars/nextweek/aspea.ics
[2026-01-25T19:14:50.901Z] info: ICS file downloaded successfully to src/calendars/nextweek/aspea.ics
[2026-01-25T19:14:50.902Z] info: ICS file for aspea downloaded successfully.
[2026-01-25T19:14:50.902Z] info: Downloading ICS file from https://edt.univ-lyon1.fr/jsp/custom/modules/plannings/anonymous_cal.jsp?resources=18783&projectId=1&calType=ical&firstDate=2026-01-26&lastDate=2026-02-01 to src/calendars/nextweek/aspeb.ics
[2026-01-25T19:14:50.971Z] info: ICS file downloaded successfully to src/calendars/nextweek/aspeb.ics
[2026-01-25T19:14:50.972Z] info: ICS file for aspeb downloaded successfully.
[2026-01-25T19:14:50.972Z] info: Downloading ICS file from https://edt.univ-lyon1.fr/jsp/custom/modules/plannings/anonymous_cal.jsp?resources=51542&projectId=1&calType=ical&firstDate=2026-01-26&lastDate=2026-02-01 to src/calendars/nextweek/g1s2a.ics
[2026-01-25T19:14:51.074Z] info: ICS file downloaded successfully to src/calendars/nextweek/g1s2a.ics
[2026-01-25T19:14:51.075Z] info: ICS file for g1s2a downloaded successfully.
[2026-01-25T19:14:51.076Z] info: Downloading ICS file from https://edt.univ-lyon1.fr/jsp/custom/modules/plannings/anonymous_cal.jsp?resources=51543&projectId=1&calType=ical&firstDate=2026-01-26&lastDate=2026-02-01 to src/calendars/nextweek/g1s2b.ics
[2026-01-25T19:14:51.137Z] info: ICS file downloaded successfully to src/calendars/nextweek/g1s2b.ics
[2026-01-25T19:14:51.138Z] info: ICS file for g1s2b downloaded successfully.
[2026-01-25T19:14:51.138Z] info: Downloading ICS file from https://edt.univ-lyon1.fr/jsp/custom/modules/plannings/anonymous_cal.jsp?resources=51545&projectId=1&calType=ical&firstDate=2026-01-26&lastDate=2026-02-01 to src/calendars/nextweek/g2s2a.ics
[2026-01-25T19:14:51.235Z] info: ICS file downloaded successfully to src/calendars/nextweek/g2s2a.ics
[2026-01-25T19:14:51.236Z] info: ICS file for g2s2a downloaded successfully.
[2026-01-25T19:14:51.236Z] info: Downloading ICS file from https://edt.univ-lyon1.fr/jsp/custom/modules/plannings/anonymous_cal.jsp?resources=51546&projectId=1&calType=ical&firstDate=2026-01-26&lastDate=2026-02-01 to src/calendars/nextweek/g2s2b.ics
[2026-01-25T19:14:51.309Z] info: ICS file downloaded successfully to src/calendars/nextweek/g2s2b.ics
[2026-01-25T19:14:51.309Z] info: ICS file for g2s2b downloaded successfully.
[2026-01-25T19:14:51.310Z] info: Downloading ICS file from https://edt.univ-lyon1.fr/jsp/custom/modules/plannings/anonymous_cal.jsp?resources=51548&projectId=1&calType=ical&firstDate=2026-01-26&lastDate=2026-02-01 to src/calendars/nextweek/g3s2a.ics
[2026-01-25T19:14:51.423Z] info: ICS file downloaded successfully to src/calendars/nextweek/g3s2a.ics
[2026-01-25T19:14:51.423Z] info: ICS file for g3s2a downloaded successfully.
[2026-01-25T19:14:51.424Z] info: Downloading ICS file from https://edt.univ-lyon1.fr/jsp/custom/modules/plannings/anonymous_cal.jsp?resources=51549&projectId=1&calType=ical&firstDate=2026-01-26&lastDate=2026-02-01 to src/calendars/nextweek/g3s2b.ics
[2026-01-25T19:14:51.512Z] info: ICS file downloaded successfully to src/calendars/nextweek/g3s2b.ics
[2026-01-25T19:14:51.513Z] info: ICS file for g3s2b downloaded successfully.
[2026-01-25T19:14:51.513Z] info: Downloading ICS file from https://edt.univ-lyon1.fr/jsp/custom/modules/plannings/anonymous_cal.jsp?resources=51551&projectId=1&calType=ical&firstDate=2026-01-26&lastDate=2026-02-01 to src/calendars/nextweek/g4s2a.ics
[2026-01-25T19:14:51.634Z] info: ICS file downloaded successfully to src/calendars/nextweek/g4s2a.ics
[2026-01-25T19:14:51.635Z] info: ICS file for g4s2a downloaded successfully.
[2026-01-25T19:14:51.636Z] info: Downloading ICS file from https://edt.univ-lyon1.fr/jsp/custom/modules/plannings/anonymous_cal.jsp?resources=51552&projectId=1&calType=ical&firstDate=2026-01-26&lastDate=2026-02-01 to src/calendars/nextweek/g4s2b.ics
[2026-01-25T19:14:51.726Z] info: ICS file downloaded successfully to src/calendars/nextweek/g4s2b.ics
[2026-01-25T19:14:51.727Z] info: ICS file for g4s2b downloaded successfully.
[2026-01-25T19:14:51.727Z] info: Downloading ICS file from https://edt.univ-lyon1.fr/jsp/custom/modules/plannings/anonymous_cal.jsp?resources=51554&projectId=1&calType=ical&firstDate=2026-01-26&lastDate=2026-02-01 to src/calendars/nextweek/g5s2a.ics
[2026-01-25T19:14:51.833Z] info: ICS file downloaded successfully to src/calendars/nextweek/g5s2a.ics
[2026-01-25T19:14:51.833Z] info: ICS file for g5s2a downloaded successfully.
[2026-01-25T19:14:51.834Z] info: Downloading ICS file from https://edt.univ-lyon1.fr/jsp/custom/modules/plannings/anonymous_cal.jsp?resources=51555&projectId=1&calType=ical&firstDate=2026-01-26&lastDate=2026-02-01 to src/calendars/nextweek/g5s2b.ics
[2026-01-25T19:14:51.941Z] info: ICS file downloaded successfully to src/calendars/nextweek/g5s2b.ics
[2026-01-25T19:14:51.942Z] info: ICS file for g5s2b downloaded successfully.
[2026-01-25T19:14:51.942Z] info: Downloading ICS file from https://edt.univ-lyon1.fr/jsp/custom/modules/plannings/anonymous_cal.jsp?resources=85875&projectId=1&calType=ical&firstDate=2026-01-26&lastDate=2026-02-01 to src/calendars/nextweek/g1s4a.ics
[2026-01-25T19:14:52.039Z] info: ICS file downloaded successfully to src/calendars/nextweek/g1s4a.ics
[2026-01-25T19:14:52.040Z] info: ICS file for g1s4a downloaded successfully.
[2026-01-25T19:14:52.040Z] info: Downloading ICS file from https://edt.univ-lyon1.fr/jsp/custom/modules/plannings/anonymous_cal.jsp?resources=85876&projectId=1&calType=ical&firstDate=2026-01-26&lastDate=2026-02-01 to src/calendars/nextweek/g1s4b.ics
[2026-01-25T19:14:52.138Z] info: ICS file downloaded successfully to src/calendars/nextweek/g1s4b.ics
[2026-01-25T19:14:52.139Z] info: ICS file for g1s4b downloaded successfully.
[2026-01-25T19:14:52.139Z] info: Downloading ICS file from https://edt.univ-lyon1.fr/jsp/custom/modules/plannings/anonymous_cal.jsp?resources=85873&projectId=1&calType=ical&firstDate=2026-01-26&lastDate=2026-02-01 to src/calendars/nextweek/g2s4a.ics
[2026-01-25T19:14:52.260Z] info: ICS file downloaded successfully to src/calendars/nextweek/g2s4a.ics
[2026-01-25T19:14:52.262Z] info: ICS file for g2s4a downloaded successfully.
[2026-01-25T19:14:52.262Z] info: Downloading ICS file from https://edt.univ-lyon1.fr/jsp/custom/modules/plannings/anonymous_cal.jsp?resources=85874&projectId=1&calType=ical&firstDate=2026-01-26&lastDate=2026-02-01 to src/calendars/nextweek/g2s4b.ics
[2026-01-25T19:14:52.363Z] info: ICS file downloaded successfully to src/calendars/nextweek/g2s4b.ics
[2026-01-25T19:14:52.364Z] info: ICS file for g2s4b downloaded successfully.
[2026-01-25T19:14:52.364Z] info: Downloading ICS file from https://edt.univ-lyon1.fr/jsp/custom/modules/plannings/anonymous_cal.jsp?resources=35714&projectId=1&calType=ical&firstDate=2026-01-26&lastDate=2026-02-01 to src/calendars/nextweek/g3a2.ics
[2026-01-25T19:14:52.466Z] info: ICS file downloaded successfully to src/calendars/nextweek/g3a2.ics
[2026-01-25T19:14:52.466Z] info: ICS file for g3a2 downloaded successfully.
[2026-01-25T19:14:52.466Z] info: Downloading ICS file from https://edt.univ-lyon1.fr/jsp/custom/modules/plannings/anonymous_cal.jsp?resources=85877&projectId=1&calType=ical&firstDate=2026-01-26&lastDate=2026-02-01 to src/calendars/nextweek/g4s4a.ics
[2026-01-25T19:14:52.543Z] info: ICS file downloaded successfully to src/calendars/nextweek/g4s4a.ics
[2026-01-25T19:14:52.543Z] info: ICS file for g4s4a downloaded successfully.
[2026-01-25T19:14:52.543Z] info: Downloading ICS file from https://edt.univ-lyon1.fr/jsp/custom/modules/plannings/anonymous_cal.jsp?resources=85878&projectId=1&calType=ical&firstDate=2026-01-26&lastDate=2026-02-01 to src/calendars/nextweek/g4s4b.ics
[2026-01-25T19:14:52.675Z] info: ICS file downloaded successfully to src/calendars/nextweek/g4s4b.ics
[2026-01-25T19:14:52.676Z] info: ICS file for g4s4b downloaded successfully.
[2026-01-25T19:14:52.676Z] info: Downloading ICS file from https://edt.univ-lyon1.fr/jsp/custom/modules/plannings/anonymous_cal.jsp?resources=6161&projectId=1&calType=ical&firstDate=2026-01-26&lastDate=2026-02-01 to src/calendars/nextweek/but3ra1a.ics
[2026-01-25T19:14:52.790Z] info: ICS file downloaded successfully to src/calendars/nextweek/but3ra1a.ics
[2026-01-25T19:14:52.790Z] info: ICS file for but3ra1a downloaded successfully.
[2026-01-25T19:14:52.790Z] info: Downloading ICS file from https://edt.univ-lyon1.fr/jsp/custom/modules/plannings/anonymous_cal.jsp?resources=6163&projectId=1&calType=ical&firstDate=2026-01-26&lastDate=2026-02-01 to src/calendars/nextweek/but3ra1b.ics
[2026-01-25T19:14:52.952Z] info: ICS file downloaded successfully to src/calendars/nextweek/but3ra1b.ics
[2026-01-25T19:14:52.953Z] info: ICS file for but3ra1b downloaded successfully.
[2026-01-25T19:14:52.953Z] info: Downloading ICS file from https://edt.univ-lyon1.fr/jsp/custom/modules/plannings/anonymous_cal.jsp?resources=6165&projectId=1&calType=ical&firstDate=2026-01-26&lastDate=2026-02-01 to src/calendars/nextweek/but3ra2a.ics
[2026-01-25T19:14:53.048Z] info: ICS file downloaded successfully to src/calendars/nextweek/but3ra2a.ics
[2026-01-25T19:14:53.048Z] info: ICS file for but3ra2a downloaded successfully.
[2026-01-25T19:14:53.049Z] info: Downloading ICS file from https://edt.univ-lyon1.fr/jsp/custom/modules/plannings/anonymous_cal.jsp?resources=6168&projectId=1&calType=ical&firstDate=2026-01-26&lastDate=2026-02-01 to src/calendars/nextweek/but3ra2b.ics
[2026-01-25T19:14:53.112Z] info: ICS file downloaded successfully to src/calendars/nextweek/but3ra2b.ics
[2026-01-25T19:14:53.112Z] info: ICS file for but3ra2b downloaded successfully.
[2026-01-25T19:14:53.112Z] info: Downloading ICS file from https://edt.univ-lyon1.fr/jsp/custom/modules/plannings/anonymous_cal.jsp?resources=14059&projectId=1&calType=ical&firstDate=2026-01-26&lastDate=2026-02-01 to src/calendars/nextweek/but3ra3a.ics
[2026-01-25T19:14:53.197Z] info: ICS file downloaded successfully to src/calendars/nextweek/but3ra3a.ics
[2026-01-25T19:14:53.197Z] info: ICS file for but3ra3a downloaded successfully.
[2026-01-25T19:14:53.198Z] info: Downloading ICS file from https://edt.univ-lyon1.fr/jsp/custom/modules/plannings/anonymous_cal.jsp?resources=14064&projectId=1&calType=ical&firstDate=2026-01-26&lastDate=2026-02-01 to src/calendars/nextweek/but3ra3b.ics
[2026-01-25T19:14:53.359Z] info: ICS file downloaded successfully to src/calendars/nextweek/but3ra3b.ics
[2026-01-25T19:14:53.360Z] info: ICS file for but3ra3b downloaded successfully.
[2026-01-25T19:14:53.360Z] info: Downloading ICS file from https://edt.univ-lyon1.fr/jsp/custom/modules/plannings/anonymous_cal.jsp?resources=6136&projectId=1&calType=ical&firstDate=2026-01-26&lastDate=2026-02-01 to src/calendars/nextweek/but3dacs.ics
[2026-01-25T19:14:53.476Z] info: ICS file downloaded successfully to src/calendars/nextweek/but3dacs.ics
[2026-01-25T19:14:53.477Z] info: ICS file for but3dacs downloaded successfully.
[2026-01-25T19:14:53.477Z] info: Downloading ICS file from https://edt.univ-lyon1.fr/jsp/custom/modules/plannings/anonymous_cal.jsp?resources=6048&projectId=1&calType=ical&firstDate=2026-01-26&lastDate=2026-02-01 to src/calendars/nextweek/but3aged.ics
[2026-01-25T19:14:53.587Z] info: ICS file downloaded successfully to src/calendars/nextweek/but3aged.ics
[2026-01-25T19:14:53.588Z] info: ICS file for but3aged downloaded successfully.
[2026-01-25T19:14:53.588Z] info: Sending weekly timetables
[2026-01-25T19:14:53.610Z] info: Sending message to channel 1395371772550975558: <t:1769410800:D> **11 S2.19 Gestion TD** : DUFOUR KARLINE -> <t:1769410800:t> - <t:1769418000:t> en __S11__
<t:1769418000:D> **S2.21 SAÉ - ASPE** : WATRIGANT REMI -> <t:1769418000:t> - <t:1769425200:t> en __S22__
<t:1769432400:D> **11 S2.18 Communication-TD** : DEBOUTE JOCELYNE -> <t:1769432400:t> - <t:1769439600:t> en __040__
<t:1769439600:D> **S2.17 Anglais ASPE** : BESSAC MARIETTE -> <t:1769439600:t> - <t:1769446800:t> en __028__
<t:1769504400:D> **S2.15 Probabilités ASPE** : JALOUX CHRISTOPHE -> <t:1769504400:t> - <t:1769511600:t> en __S10__
<t:1769518800:D> **S2.13 SQL avancé** : BARON ARIANE -> <t:1769518800:t> - <t:1769526000:t> en __S14__
<t:1769526000:D> **S2.02 IHM ASPE** : BELKHATIR MOHAMMED -> <t:1769526000:t> - <t:1769533200:t> en __S14__
<t:1769583600:D> **21 S2.19 Gestion TD** : DUFOUR KARLINE -> <t:1769583600:t> - <t:1769590800:t> en __S11__
<t:1769590800:D> **11 S2.04 Architecture logicielle** : GONCALVES ISABELLE -> <t:1769590800:t> - <t:1769598000:t> en __S16__
<t:1769605200:D> **21 S2.04 Architecture logicielle** : GONCALVES ISABELLE -> <t:1769605200:t> - <t:1769612400:t> en __S13__
<t:1769670000:D> **S2.01 Développement efficace-TD ASPE** : KHEDDOUCI HAMAMACHE -> <t:1769670000:t> - <t:1769677200:t> en __S03__
<t:1769677200:D> **11 S2.06 Programmation système-TD** : BUSSON ANTHONY -> <t:1769677200:t> - <t:1769684400:t> en __S24__
<t:1769756400:D> **11 S2.06 Programmation système-TD** : BUSSON ANTHONY -> <t:1769756400:t> - <t:1769763600:t> en __S27__
<t:1769763600:D> **S2.12 Qualité de développement ASPE** : PERNELLE PHILIPPE -> <t:1769763600:t> - <t:1769770800:t> en __S17__
<t:1769776200:D> **S2.15 Probabilités ASPE** : JALOUX CHRISTOPHE -> <t:1769776200:t> - <t:1769783400:t> en __S10__

[2026-01-25T19:14:53.610Z] info: Message sent to channel 1395371772550975558: <t:1769410800:D> **11 S2.19 Gestion TD** : DUFOUR KARLINE -> <t:1769410800:t> - <t:1769418000:t> en __S11__
<t:1769418000:D> **S2.21 SAÉ - ASPE** : WATRIGANT REMI -> <t:1769418000:t> - <t:1769425200:t> en __S22__
<t:1769432400:D> **11 S2.18 Communication-TD** : DEBOUTE JOCELYNE -> <t:1769432400:t> - <t:1769439600:t> en __040__
<t:1769439600:D> **S2.17 Anglais ASPE** : BESSAC MARIETTE -> <t:1769439600:t> - <t:1769446800:t> en __028__
<t:1769504400:D> **S2.15 Probabilités ASPE** : JALOUX CHRISTOPHE -> <t:1769504400:t> - <t:1769511600:t> en __S10__
<t:1769518800:D> **S2.13 SQL avancé** : BARON ARIANE -> <t:1769518800:t> - <t:1769526000:t> en __S14__
<t:1769526000:D> **S2.02 IHM ASPE** : BELKHATIR MOHAMMED -> <t:1769526000:t> - <t:1769533200:t> en __S14__
<t:1769583600:D> **21 S2.19 Gestion TD** : DUFOUR KARLINE -> <t:1769583600:t> - <t:1769590800:t> en __S11__
<t:1769590800:D> **11 S2.04 Architecture logicielle** : GONCALVES ISABELLE -> <t:1769590800:t> - <t:1769598000:t> en __S16__
<t:1769605200:D> **21 S2.04 Architecture logicielle** : GONCALVES ISABELLE -> <t:1769605200:t> - <t:1769612400:t> en __S13__
<t:1769670000:D> **S2.01 Développement efficace-TD ASPE** : KHEDDOUCI HAMAMACHE -> <t:1769670000:t> - <t:1769677200:t> en __S03__
<t:1769677200:D> **11 S2.06 Programmation système-TD** : BUSSON ANTHONY -> <t:1769677200:t> - <t:1769684400:t> en __S24__
<t:1769756400:D> **11 S2.06 Programmation système-TD** : BUSSON ANTHONY -> <t:1769756400:t> - <t:1769763600:t> en __S27__
<t:1769763600:D> **S2.12 Qualité de développement ASPE** : PERNELLE PHILIPPE -> <t:1769763600:t> - <t:1769770800:t> en __S17__
<t:1769776200:D> **S2.15 Probabilités ASPE** : JALOUX CHRISTOPHE -> <t:1769776200:t> - <t:1769783400:t> en __S10__

[2026-01-25T19:14:53.617Z] info: Sending message to channel 1330181810289905847: <t:1769432400:D> **R4.05 Anglais-TPA** : BESSAC MARIETTE -> <t:1769432400:t> - <t:1769439600:t> en __028__
<t:1769439600:D> **11 R4.04 Méthodes d'optimisation-TD** : JOUBERT AUDE -> <t:1769439600:t> - <t:1769446800:t> en __S16__
<t:1769497200:D> **11 R4.A.09 Management avancé des SI-TD** : DUFOUR KARLINE -> <t:1769497200:t> - <t:1769504400:t> en __S12__
<t:1769504400:D> **11 R4.03 Qualité & non-relationnel-TD** : BARON ARIANE -> <t:1769504400:t> - <t:1769511600:t> en __S14__
<t:1769518800:D> **11 R4.01 Archi. logicielle : PHP Symfony + API-TD** : MONNET ALEXIS -> <t:1769518800:t> - <t:1769526000:t> en __S13__
<t:1769526000:D> **21 R4.01 Archi. logicielle : PHP Symfony + API-TD** : MONNET ALEXIS -> <t:1769526000:t> - <t:1769533200:t> en __S13__
<t:1769590800:D> **R4.07 PPP-TD** : DEBOUTE JOCELYNE -> <t:1769590800:t> - <t:1769598000:t> en __S10__
<t:1769670000:D> **11 R4.A.08 Virtualisation-TD** : BUSSON ANTHONY -> <t:1769670000:t> - <t:1769677200:t> en __S17__
<t:1769677200:D> **11 R4.A.10 Vue JS TPA** : LEROUX STEPHANE -> <t:1769677200:t> - <t:1769684400:t> en __S03__
<t:1769689800:D> **Saé G1 TD** : JOUBERT AUDE -> <t:1769689800:t> - <t:1769697000:t> en __S16__
<t:1769697000:D> **21 R4.A.08 Virtualisation-TD** : BUSSON ANTHONY -> <t:1769697000:t> - <t:1769704200:t> en __S13__
<t:1769756400:D> **21 R4.04 Méthodes d'optimisation-TD** : JOUBERT AUDE -> <t:1769756400:t> - <t:1769763600:t> en __S16__
<t:1769763600:D> **21 R4.A.10 Vue JS TPA** : LEROUX STEPHANE -> <t:1769763600:t> - <t:1769770800:t> en __S03__
<t:1769776200:D> **11 R4.06 Communication interne-TD** : ALLAOUI ABDELBAKI -> <t:1769776200:t> - <t:1769783400:t> en __040__
<t:1769783400:D> **R4.07 PPP-TD** : DEBOUTE JOCELYNE -> <t:1769783400:t> - <t:1769790600:t> en __040__

[2026-01-25T19:14:53.618Z] info: Message sent to channel 1330181810289905847: <t:1769432400:D> **R4.05 Anglais-TPA** : BESSAC MARIETTE -> <t:1769432400:t> - <t:1769439600:t> en __028__
<t:1769439600:D> **11 R4.04 Méthodes d'optimisation-TD** : JOUBERT AUDE -> <t:1769439600:t> - <t:1769446800:t> en __S16__
<t:1769497200:D> **11 R4.A.09 Management avancé des SI-TD** : DUFOUR KARLINE -> <t:1769497200:t> - <t:1769504400:t> en __S12__
<t:1769504400:D> **11 R4.03 Qualité & non-relationnel-TD** : BARON ARIANE -> <t:1769504400:t> - <t:1769511600:t> en __S14__
<t:1769518800:D> **11 R4.01 Archi. logicielle : PHP Symfony + API-TD** : MONNET ALEXIS -> <t:1769518800:t> - <t:1769526000:t> en __S13__
<t:1769526000:D> **21 R4.01 Archi. logicielle : PHP Symfony + API-TD** : MONNET ALEXIS -> <t:1769526000:t> - <t:1769533200:t> en __S13__
<t:1769590800:D> **R4.07 PPP-TD** : DEBOUTE JOCELYNE -> <t:1769590800:t> - <t:1769598000:t> en __S10__
<t:1769670000:D> **11 R4.A.08 Virtualisation-TD** : BUSSON ANTHONY -> <t:1769670000:t> - <t:1769677200:t> en __S17__
<t:1769677200:D> **11 R4.A.10 Vue JS TPA** : LEROUX STEPHANE -> <t:1769677200:t> - <t:1769684400:t> en __S03__
<t:1769689800:D> **Saé G1 TD** : JOUBERT AUDE -> <t:1769689800:t> - <t:1769697000:t> en __S16__
<t:1769697000:D> **21 R4.A.08 Virtualisation-TD** : BUSSON ANTHONY -> <t:1769697000:t> - <t:1769704200:t> en __S13__
<t:1769756400:D> **21 R4.04 Méthodes d'optimisation-TD** : JOUBERT AUDE -> <t:1769756400:t> - <t:1769763600:t> en __S16__
<t:1769763600:D> **21 R4.A.10 Vue JS TPA** : LEROUX STEPHANE -> <t:1769763600:t> - <t:1769770800:t> en __S03__
<t:1769776200:D> **11 R4.06 Communication interne-TD** : ALLAOUI ABDELBAKI -> <t:1769776200:t> - <t:1769783400:t> en __040__
<t:1769783400:D> **R4.07 PPP-TD** : DEBOUTE JOCELYNE -> <t:1769783400:t> - <t:1769790600:t> en __040__

[2026-01-25T19:14:53.621Z] info: Sending message to channel 1330181968075165769: <t:1769439600:D> **11 R4.04 Méthodes d'optimisation-TD** : JOUBERT AUDE -> <t:1769439600:t> - <t:1769446800:t> en __S16__
<t:1769497200:D> **11 R4.A.09 Management avancé des SI-TD** : DUFOUR KARLINE -> <t:1769497200:t> - <t:1769504400:t> en __S12__
<t:1769504400:D> **11 R4.03 Qualité & non-relationnel-TD** : BARON ARIANE -> <t:1769504400:t> - <t:1769511600:t> en __S14__
<t:1769518800:D> **11 R4.01 Archi. logicielle : PHP Symfony + API-TD** : MONNET ALEXIS -> <t:1769518800:t> - <t:1769526000:t> en __S13__
<t:1769526000:D> **21 R4.01 Archi. logicielle : PHP Symfony + API-TD** : MONNET ALEXIS -> <t:1769526000:t> - <t:1769533200:t> en __S13__
<t:1769590800:D> **R4.07 PPP-TD** : DEBOUTE JOCELYNE -> <t:1769590800:t> - <t:1769598000:t> en __S10__
<t:1769605200:D> **R4.05 Anglais-TPB** : BESSAC MARIETTE -> <t:1769605200:t> - <t:1769612400:t> en __026-Langues__
<t:1769670000:D> **11 R4.A.08 Virtualisation-TD** : BUSSON ANTHONY -> <t:1769670000:t> - <t:1769677200:t> en __S17__
<t:1769677200:D> **11 R4.A.10 Vue JS TP B** : GONCALVES ISABELLE -> <t:1769677200:t> - <t:1769684400:t> en __S14__
<t:1769689800:D> **Saé G1 TD** : JOUBERT AUDE -> <t:1769689800:t> - <t:1769697000:t> en __S16__
<t:1769697000:D> **21 R4.A.08 Virtualisation-TD** : BUSSON ANTHONY -> <t:1769697000:t> - <t:1769704200:t> en __S13__
<t:1769756400:D> **21 R4.04 Méthodes d'optimisation-TD** : JOUBERT AUDE -> <t:1769756400:t> - <t:1769763600:t> en __S16__
<t:1769763600:D> **21 R4.A.10 Vue JS TPB** : GONCALVES ISABELLE -> <t:1769763600:t> - <t:1769770800:t> en __S14__
<t:1769776200:D> **11 R4.06 Communication interne-TD** : ALLAOUI ABDELBAKI -> <t:1769776200:t> - <t:1769783400:t> en __040__
<t:1769783400:D> **R4.07 PPP-TD** : DEBOUTE JOCELYNE -> <t:1769783400:t> - <t:1769790600:t> en __040__

[2026-01-25T19:14:53.621Z] info: Message sent to channel 1330181968075165769: <t:1769439600:D> **11 R4.04 Méthodes d'optimisation-TD** : JOUBERT AUDE -> <t:1769439600:t> - <t:1769446800:t> en __S16__
<t:1769497200:D> **11 R4.A.09 Management avancé des SI-TD** : DUFOUR KARLINE -> <t:1769497200:t> - <t:1769504400:t> en __S12__
<t:1769504400:D> **11 R4.03 Qualité & non-relationnel-TD** : BARON ARIANE -> <t:1769504400:t> - <t:1769511600:t> en __S14__
<t:1769518800:D> **11 R4.01 Archi. logicielle : PHP Symfony + API-TD** : MONNET ALEXIS -> <t:1769518800:t> - <t:1769526000:t> en __S13__
<t:1769526000:D> **21 R4.01 Archi. logicielle : PHP Symfony + API-TD** : MONNET ALEXIS -> <t:1769526000:t> - <t:1769533200:t> en __S13__
<t:1769590800:D> **R4.07 PPP-TD** : DEBOUTE JOCELYNE -> <t:1769590800:t> - <t:1769598000:t> en __S10__
<t:1769605200:D> **R4.05 Anglais-TPB** : BESSAC MARIETTE -> <t:1769605200:t> - <t:1769612400:t> en __026-Langues__
<t:1769670000:D> **11 R4.A.08 Virtualisation-TD** : BUSSON ANTHONY -> <t:1769670000:t> - <t:1769677200:t> en __S17__
<t:1769677200:D> **11 R4.A.10 Vue JS TP B** : GONCALVES ISABELLE -> <t:1769677200:t> - <t:1769684400:t> en __S14__
<t:1769689800:D> **Saé G1 TD** : JOUBERT AUDE -> <t:1769689800:t> - <t:1769697000:t> en __S16__
<t:1769697000:D> **21 R4.A.08 Virtualisation-TD** : BUSSON ANTHONY -> <t:1769697000:t> - <t:1769704200:t> en __S13__
<t:1769756400:D> **21 R4.04 Méthodes d'optimisation-TD** : JOUBERT AUDE -> <t:1769756400:t> - <t:1769763600:t> en __S16__
<t:1769763600:D> **21 R4.A.10 Vue JS TPB** : GONCALVES ISABELLE -> <t:1769763600:t> - <t:1769770800:t> en __S14__
<t:1769776200:D> **11 R4.06 Communication interne-TD** : ALLAOUI ABDELBAKI -> <t:1769776200:t> - <t:1769783400:t> en __040__
<t:1769783400:D> **R4.07 PPP-TD** : DEBOUTE JOCELYNE -> <t:1769783400:t> - <t:1769790600:t> en __040__

[2026-01-25T19:14:53.623Z] info: Sending message to channel 1330181829667328071: <t:1769418000:D> **R4.07 PPP-TD** : DEBOUTE JOCELYNE -> <t:1769418000:t> - <t:1769425200:t> en __S21__
<t:1769439600:D> **R4.07 PPP-TD** : DEBOUTE JOCELYNE -> <t:1769439600:t> - <t:1769446800:t> en __S21__
<t:1769497200:D> **11 R4.01 Archi. logicielle : PHP Symfony + API-TD** : MONNET ALEXIS -> <t:1769497200:t> - <t:1769504400:t> en __S16__
<t:1769504400:D> **21 R4.01 Archi. logicielle : PHP Symfony + API-TD** : MONNET ALEXIS -> <t:1769504400:t> - <t:1769511600:t> en __S16__
<t:1769518800:D> **11 R4.04 Méthodes d'optimisation-TD** : JOUBERT AUDE -> <t:1769518800:t> - <t:1769526000:t> en __S16__
<t:1769583600:D> **11 R4.A.08 Virtualisation-TD** : BUSSON ANTHONY -> <t:1769583600:t> - <t:1769590800:t> en __S13__
<t:1769590800:D> **11 R4.A.09 Management avancé des SI-TD** : DUFOUR KARLINE -> <t:1769590800:t> - <t:1769598000:t> en __040__
<t:1769612400:D> **11 R4.06 Communication interne-TD** : DEBOUTE JOCELYNE -> <t:1769612400:t> - <t:1769619600:t> en __040__
<t:1769670000:D> **11 R4.03 Qualité & non-relationnel-TD** : FACI NOURA -> <t:1769670000:t> - <t:1769677200:t> en __S16__
<t:1769677200:D> **R4.05 Anglais-TPA** : CANQUE FLORENCE -> <t:1769677200:t> - <t:1769684400:t> en __026-Langues__
<t:1769689800:D> **Saé G2 TD** : JALOUX CHRISTOPHE -> <t:1769689800:t> - <t:1769697000:t> en __S17__
<t:1769756400:D> **11 R4.A.10 Vue JS TPA** : LEROUX STEPHANE -> <t:1769756400:t> - <t:1769763600:t> en __S03__
<t:1769763600:D> **21 R4.04 Méthodes d'optimisation-TD** : JOUBERT AUDE -> <t:1769763600:t> - <t:1769770800:t> en __S16__
<t:1769776200:D> **21 R4.A.10 Vue JS TPA** : LEROUX STEPHANE -> <t:1769776200:t> - <t:1769783400:t> en __S16__
<t:1769783400:D> **11 R4.A.08 Virtualisation-TD** : BUSSON ANTHONY -> <t:1769783400:t> - <t:1769790600:t> en __S17__

[2026-01-25T19:14:53.623Z] info: Message sent to channel 1330181829667328071: <t:1769418000:D> **R4.07 PPP-TD** : DEBOUTE JOCELYNE -> <t:1769418000:t> - <t:1769425200:t> en __S21__
<t:1769439600:D> **R4.07 PPP-TD** : DEBOUTE JOCELYNE -> <t:1769439600:t> - <t:1769446800:t> en __S21__
<t:1769497200:D> **11 R4.01 Archi. logicielle : PHP Symfony + API-TD** : MONNET ALEXIS -> <t:1769497200:t> - <t:1769504400:t> en __S16__
<t:1769504400:D> **21 R4.01 Archi. logicielle : PHP Symfony + API-TD** : MONNET ALEXIS -> <t:1769504400:t> - <t:1769511600:t> en __S16__
<t:1769518800:D> **11 R4.04 Méthodes d'optimisation-TD** : JOUBERT AUDE -> <t:1769518800:t> - <t:1769526000:t> en __S16__
<t:1769583600:D> **11 R4.A.08 Virtualisation-TD** : BUSSON ANTHONY -> <t:1769583600:t> - <t:1769590800:t> en __S13__
<t:1769590800:D> **11 R4.A.09 Management avancé des SI-TD** : DUFOUR KARLINE -> <t:1769590800:t> - <t:1769598000:t> en __040__
<t:1769612400:D> **11 R4.06 Communication interne-TD** : DEBOUTE JOCELYNE -> <t:1769612400:t> - <t:1769619600:t> en __040__
<t:1769670000:D> **11 R4.03 Qualité & non-relationnel-TD** : FACI NOURA -> <t:1769670000:t> - <t:1769677200:t> en __S16__
<t:1769677200:D> **R4.05 Anglais-TPA** : CANQUE FLORENCE -> <t:1769677200:t> - <t:1769684400:t> en __026-Langues__
<t:1769689800:D> **Saé G2 TD** : JALOUX CHRISTOPHE -> <t:1769689800:t> - <t:1769697000:t> en __S17__
<t:1769756400:D> **11 R4.A.10 Vue JS TPA** : LEROUX STEPHANE -> <t:1769756400:t> - <t:1769763600:t> en __S03__
<t:1769763600:D> **21 R4.04 Méthodes d'optimisation-TD** : JOUBERT AUDE -> <t:1769763600:t> - <t:1769770800:t> en __S16__
<t:1769776200:D> **21 R4.A.10 Vue JS TPA** : LEROUX STEPHANE -> <t:1769776200:t> - <t:1769783400:t> en __S16__
<t:1769783400:D> **11 R4.A.08 Virtualisation-TD** : BUSSON ANTHONY -> <t:1769783400:t> - <t:1769790600:t> en __S17__

[2026-01-25T19:14:53.626Z] info: Sending message to channel 1330181981320777738: <t:1769418000:D> **R4.07 PPP-TD** : DEBOUTE JOCELYNE -> <t:1769418000:t> - <t:1769425200:t> en __S21__
<t:1769439600:D> **R4.07 PPP-TD** : DEBOUTE JOCELYNE -> <t:1769439600:t> - <t:1769446800:t> en __S21__
<t:1769497200:D> **11 R4.01 Archi. logicielle : PHP Symfony + API-TD** : MONNET ALEXIS -> <t:1769497200:t> - <t:1769504400:t> en __S16__
<t:1769504400:D> **21 R4.01 Archi. logicielle : PHP Symfony + API-TD** : MONNET ALEXIS -> <t:1769504400:t> - <t:1769511600:t> en __S16__
<t:1769518800:D> **11 R4.04 Méthodes d'optimisation-TD** : JOUBERT AUDE -> <t:1769518800:t> - <t:1769526000:t> en __S16__
<t:1769583600:D> **11 R4.A.08 Virtualisation-TD** : BUSSON ANTHONY -> <t:1769583600:t> - <t:1769590800:t> en __S13__
<t:1769590800:D> **11 R4.A.09 Management avancé des SI-TD** : DUFOUR KARLINE -> <t:1769590800:t> - <t:1769598000:t> en __040__
<t:1769612400:D> **11 R4.06 Communication interne-TD** : DEBOUTE JOCELYNE -> <t:1769612400:t> - <t:1769619600:t> en __040__
<t:1769670000:D> **11 R4.03 Qualité & non-relationnel-TD** : FACI NOURA -> <t:1769670000:t> - <t:1769677200:t> en __S16__
<t:1769677200:D> **R4.05 Anglais-TPB** : BESSAC MARIETTE -> <t:1769677200:t> - <t:1769684400:t> en __028__
<t:1769689800:D> **Saé G2 TD** : JALOUX CHRISTOPHE -> <t:1769689800:t> - <t:1769697000:t> en __S17__
<t:1769756400:D> **11 R4.A.10 Vue JS TP B** : GONCALVES ISABELLE -> <t:1769756400:t> - <t:1769763600:t> en __S24__
<t:1769763600:D> **21 R4.04 Méthodes d'optimisation-TD** : JOUBERT AUDE -> <t:1769763600:t> - <t:1769770800:t> en __S16__
<t:1769776200:D> **21 R4.A.10 Vue JS TPB** : GONCALVES ISABELLE -> <t:1769776200:t> - <t:1769783400:t> en __S17__
<t:1769783400:D> **11 R4.A.08 Virtualisation-TD** : BUSSON ANTHONY -> <t:1769783400:t> - <t:1769790600:t> en __S17__

[2026-01-25T19:14:53.627Z] info: Message sent to channel 1330181981320777738: <t:1769418000:D> **R4.07 PPP-TD** : DEBOUTE JOCELYNE -> <t:1769418000:t> - <t:1769425200:t> en __S21__
<t:1769439600:D> **R4.07 PPP-TD** : DEBOUTE JOCELYNE -> <t:1769439600:t> - <t:1769446800:t> en __S21__
<t:1769497200:D> **11 R4.01 Archi. logicielle : PHP Symfony + API-TD** : MONNET ALEXIS -> <t:1769497200:t> - <t:1769504400:t> en __S16__
<t:1769504400:D> **21 R4.01 Archi. logicielle : PHP Symfony + API-TD** : MONNET ALEXIS -> <t:1769504400:t> - <t:1769511600:t> en __S16__
<t:1769518800:D> **11 R4.04 Méthodes d'optimisation-TD** : JOUBERT AUDE -> <t:1769518800:t> - <t:1769526000:t> en __S16__
<t:1769583600:D> **11 R4.A.08 Virtualisation-TD** : BUSSON ANTHONY -> <t:1769583600:t> - <t:1769590800:t> en __S13__
<t:1769590800:D> **11 R4.A.09 Management avancé des SI-TD** : DUFOUR KARLINE -> <t:1769590800:t> - <t:1769598000:t> en __040__
<t:1769612400:D> **11 R4.06 Communication interne-TD** : DEBOUTE JOCELYNE -> <t:1769612400:t> - <t:1769619600:t> en __040__
<t:1769670000:D> **11 R4.03 Qualité & non-relationnel-TD** : FACI NOURA -> <t:1769670000:t> - <t:1769677200:t> en __S16__
<t:1769677200:D> **R4.05 Anglais-TPB** : BESSAC MARIETTE -> <t:1769677200:t> - <t:1769684400:t> en __028__
<t:1769689800:D> **Saé G2 TD** : JALOUX CHRISTOPHE -> <t:1769689800:t> - <t:1769697000:t> en __S17__
<t:1769756400:D> **11 R4.A.10 Vue JS TP B** : GONCALVES ISABELLE -> <t:1769756400:t> - <t:1769763600:t> en __S24__
<t:1769763600:D> **21 R4.04 Méthodes d'optimisation-TD** : JOUBERT AUDE -> <t:1769763600:t> - <t:1769770800:t> en __S16__
<t:1769776200:D> **21 R4.A.10 Vue JS TPB** : GONCALVES ISABELLE -> <t:1769776200:t> - <t:1769783400:t> en __S17__
<t:1769783400:D> **11 R4.A.08 Virtualisation-TD** : BUSSON ANTHONY -> <t:1769783400:t> - <t:1769790600:t> en __S17__

[2026-01-25T19:14:53.631Z] info: Sending message to channel 1330181841524756501: <t:1769410800:D> **R4.C.10-2 Modélisation-TD G4** : MAS SEBASTIEN -> <t:1769410800:t> - <t:1769418000:t> en __S17__
<t:1769418000:D> **R4.C.10-2 Modélisation-TD G4** : MAS SEBASTIEN -> <t:1769418000:t> - <t:1769425200:t> en __S17__
<t:1769497200:D> **11 R4.04 Méthodes d'optimisation-TD** : JALOUX CHRISTOPHE -> <t:1769497200:t> - <t:1769504400:t> en __S17__
<t:1769504400:D> **R4.07 PPP-TD** : DEBOUTE JOCELYNE -> <t:1769504400:t> - <t:1769511600:t> en __S12__
<t:1769518800:D> **11 R4.C.09 Réseau avancé-TD** : RONDELET CHRISTOPHE -> <t:1769518800:t> - <t:1769526000:t> en __S03__
<t:1769583600:D> **11 R4.06 Communication interne-TD** : G4S4B -> <t:1769583600:t> - <t:1769590800:t> en __S10__
<t:1769590800:D> **11 R4.03 Qualité & non-relationnel-TD** : BARON ARIANE -> <t:1769590800:t> - <t:1769598000:t> en __S14__
<t:1769605200:D> **R4.C.10-1 Intro Informatique décisionnelle** : SCHNEIDER CAMILLE -> <t:1769605200:t> - <t:1769612400:t> en __S16__
<t:1769612400:D> **R4.C.10-1 Intro Informatique décisionnelle** : SCHNEIDER CAMILLE -> <t:1769612400:t> - <t:1769619600:t> en __S16__
<t:1769670000:D> **R4.05 Anglais-TPA** : CANQUE FLORENCE -> <t:1769670000:t> - <t:1769677200:t> en __026-Langues__
<t:1769677200:D> **21 R4.04 Méthodes d'optimisation-TD** : JALOUX CHRISTOPHE -> <t:1769677200:t> - <t:1769684400:t> en __S17__
<t:1769689800:D> **Saé G4S4 TD** : PEYTAVIE ADRIEN -> <t:1769689800:t> - <t:1769697000:t> en __S14__
<t:1769763600:D> **R4.07 PPP-TD** : DEBOUTE JOCELYNE -> <t:1769763600:t> - <t:1769770800:t> en __S15__
<t:1769776200:D> **11 R4.01 Archi. logicielle : PHP Symfony + API-TD** : MONNET ALEXIS -> <t:1769776200:t> - <t:1769783400:t> en __S03__
<t:1769783400:D> **21 R4.01 Archi. logicielle : PHP Symfony + API-TD** : MONNET ALEXIS -> <t:1769783400:t> - <t:1769790600:t> en __S03__

[2026-01-25T19:14:53.632Z] info: Message sent to channel 1330181841524756501: <t:1769410800:D> **R4.C.10-2 Modélisation-TD G4** : MAS SEBASTIEN -> <t:1769410800:t> - <t:1769418000:t> en __S17__
<t:1769418000:D> **R4.C.10-2 Modélisation-TD G4** : MAS SEBASTIEN -> <t:1769418000:t> - <t:1769425200:t> en __S17__
<t:1769497200:D> **11 R4.04 Méthodes d'optimisation-TD** : JALOUX CHRISTOPHE -> <t:1769497200:t> - <t:1769504400:t> en __S17__
<t:1769504400:D> **R4.07 PPP-TD** : DEBOUTE JOCELYNE -> <t:1769504400:t> - <t:1769511600:t> en __S12__
<t:1769518800:D> **11 R4.C.09 Réseau avancé-TD** : RONDELET CHRISTOPHE -> <t:1769518800:t> - <t:1769526000:t> en __S03__
<t:1769583600:D> **11 R4.06 Communication interne-TD** : G4S4B -> <t:1769583600:t> - <t:1769590800:t> en __S10__
<t:1769590800:D> **11 R4.03 Qualité & non-relationnel-TD** : BARON ARIANE -> <t:1769590800:t> - <t:1769598000:t> en __S14__
<t:1769605200:D> **R4.C.10-1 Intro Informatique décisionnelle** : SCHNEIDER CAMILLE -> <t:1769605200:t> - <t:1769612400:t> en __S16__
<t:1769612400:D> **R4.C.10-1 Intro Informatique décisionnelle** : SCHNEIDER CAMILLE -> <t:1769612400:t> - <t:1769619600:t> en __S16__
<t:1769670000:D> **R4.05 Anglais-TPA** : CANQUE FLORENCE -> <t:1769670000:t> - <t:1769677200:t> en __026-Langues__
<t:1769677200:D> **21 R4.04 Méthodes d'optimisation-TD** : JALOUX CHRISTOPHE -> <t:1769677200:t> - <t:1769684400:t> en __S17__
<t:1769689800:D> **Saé G4S4 TD** : PEYTAVIE ADRIEN -> <t:1769689800:t> - <t:1769697000:t> en __S14__
<t:1769763600:D> **R4.07 PPP-TD** : DEBOUTE JOCELYNE -> <t:1769763600:t> - <t:1769770800:t> en __S15__
<t:1769776200:D> **11 R4.01 Archi. logicielle : PHP Symfony + API-TD** : MONNET ALEXIS -> <t:1769776200:t> - <t:1769783400:t> en __S03__
<t:1769783400:D> **21 R4.01 Archi. logicielle : PHP Symfony + API-TD** : MONNET ALEXIS -> <t:1769783400:t> - <t:1769790600:t> en __S03__

[2026-01-25T19:14:53.634Z] info: Sending message to channel 1330181996743364679: <t:1769410800:D> **R4.C.10-2 Modélisation-TD G4** : MAS SEBASTIEN -> <t:1769410800:t> - <t:1769418000:t> en __S17__
<t:1769418000:D> **R4.C.10-2 Modélisation-TD G4** : MAS SEBASTIEN -> <t:1769418000:t> - <t:1769425200:t> en __S17__
<t:1769497200:D> **11 R4.04 Méthodes d'optimisation-TD** : JALOUX CHRISTOPHE -> <t:1769497200:t> - <t:1769504400:t> en __S17__
<t:1769504400:D> **R4.07 PPP-TD** : DEBOUTE JOCELYNE -> <t:1769504400:t> - <t:1769511600:t> en __S12__
<t:1769518800:D> **11 R4.C.09 Réseau avancé-TD** : RONDELET CHRISTOPHE -> <t:1769518800:t> - <t:1769526000:t> en __S03__
<t:1769583600:D> **11 R4.06 Communication interne-TD** : G4S4B -> <t:1769583600:t> - <t:1769590800:t> en __S10__
<t:1769590800:D> **11 R4.03 Qualité & non-relationnel-TD** : BARON ARIANE -> <t:1769590800:t> - <t:1769598000:t> en __S14__
<t:1769605200:D> **R4.C.10-1 Intro Informatique décisionnelle** : SCHNEIDER CAMILLE -> <t:1769605200:t> - <t:1769612400:t> en __S16__
<t:1769612400:D> **R4.C.10-1 Intro Informatique décisionnelle** : SCHNEIDER CAMILLE -> <t:1769612400:t> - <t:1769619600:t> en __S16__
<t:1769670000:D> **R4.05 Anglais-TPB** : BESSAC MARIETTE -> <t:1769670000:t> - <t:1769677200:t> en __028__
<t:1769677200:D> **21 R4.04 Méthodes d'optimisation-TD** : JALOUX CHRISTOPHE -> <t:1769677200:t> - <t:1769684400:t> en __S17__
<t:1769689800:D> **Saé G4S4 TD** : PEYTAVIE ADRIEN -> <t:1769689800:t> - <t:1769697000:t> en __S14__
<t:1769763600:D> **R4.07 PPP-TD** : DEBOUTE JOCELYNE -> <t:1769763600:t> - <t:1769770800:t> en __S15__
<t:1769776200:D> **11 R4.01 Archi. logicielle : PHP Symfony + API-TD** : MONNET ALEXIS -> <t:1769776200:t> - <t:1769783400:t> en __S03__
<t:1769783400:D> **21 R4.01 Archi. logicielle : PHP Symfony + API-TD** : MONNET ALEXIS -> <t:1769783400:t> - <t:1769790600:t> en __S03__

[2026-01-25T19:14:53.635Z] info: Message sent to channel 1330181996743364679: <t:1769410800:D> **R4.C.10-2 Modélisation-TD G4** : MAS SEBASTIEN -> <t:1769410800:t> - <t:1769418000:t> en __S17__
<t:1769418000:D> **R4.C.10-2 Modélisation-TD G4** : MAS SEBASTIEN -> <t:1769418000:t> - <t:1769425200:t> en __S17__
<t:1769497200:D> **11 R4.04 Méthodes d'optimisation-TD** : JALOUX CHRISTOPHE -> <t:1769497200:t> - <t:1769504400:t> en __S17__
<t:1769504400:D> **R4.07 PPP-TD** : DEBOUTE JOCELYNE -> <t:1769504400:t> - <t:1769511600:t> en __S12__
<t:1769518800:D> **11 R4.C.09 Réseau avancé-TD** : RONDELET CHRISTOPHE -> <t:1769518800:t> - <t:1769526000:t> en __S03__
<t:1769583600:D> **11 R4.06 Communication interne-TD** : G4S4B -> <t:1769583600:t> - <t:1769590800:t> en __S10__
<t:1769590800:D> **11 R4.03 Qualité & non-relationnel-TD** : BARON ARIANE -> <t:1769590800:t> - <t:1769598000:t> en __S14__
<t:1769605200:D> **R4.C.10-1 Intro Informatique décisionnelle** : SCHNEIDER CAMILLE -> <t:1769605200:t> - <t:1769612400:t> en __S16__
<t:1769612400:D> **R4.C.10-1 Intro Informatique décisionnelle** : SCHNEIDER CAMILLE -> <t:1769612400:t> - <t:1769619600:t> en __S16__
<t:1769670000:D> **R4.05 Anglais-TPB** : BESSAC MARIETTE -> <t:1769670000:t> - <t:1769677200:t> en __028__
<t:1769677200:D> **21 R4.04 Méthodes d'optimisation-TD** : JALOUX CHRISTOPHE -> <t:1769677200:t> - <t:1769684400:t> en __S17__
<t:1769689800:D> **Saé G4S4 TD** : PEYTAVIE ADRIEN -> <t:1769689800:t> - <t:1769697000:t> en __S14__
<t:1769763600:D> **R4.07 PPP-TD** : DEBOUTE JOCELYNE -> <t:1769763600:t> - <t:1769770800:t> en __S15__
<t:1769776200:D> **11 R4.01 Archi. logicielle : PHP Symfony + API-TD** : MONNET ALEXIS -> <t:1769776200:t> - <t:1769783400:t> en __S03__
<t:1769783400:D> **21 R4.01 Archi. logicielle : PHP Symfony + API-TD** : MONNET ALEXIS -> <t:1769783400:t> - <t:1769790600:t> en __S03__

[2026-01-25T19:14:53.649Z] info: Sending message to channel 1409494181839376455: <t:1769410800:D> **21R5.A.10 Neo4J** : FACI NOURA -> <t:1769410800:t> - <t:1769418000:t> en __S26__
<t:1769418000:D> **11R5.A.10 Neo4J** : FACI NOURA -> <t:1769418000:t> - <t:1769425200:t> en __S26__
<t:1769432400:D> **R5.A.06 Programmation multimédia TPA** : PEYTAVIE ADRIEN -> <t:1769432400:t> - <t:1769439600:t> en __S26__
<t:1769439600:D> **S5.A.01 SAE Dev avancé AP** : PEYTAVIE ADRIEN -> <t:1769439600:t> - <t:1769446800:t> en __S26__
<t:1769504400:D> **S5.A.01 SAE Dev avancé A** : BUT3 RA1A -> <t:1769504400:t> - <t:1769511600:t> en __S26__
<t:1769518800:D> **11R5.A.02 PPP TD** : VIZET PONCET CECILE -> <t:1769518800:t> - <t:1769526000:t> en __S26__
<t:1769526000:D> **21R5.A.04 Qualité algo** : WATRIGANT REMI -> <t:1769526000:t> - <t:1769533200:t> en __S26__
<t:1769583600:D> **S5.A.01 SAE Dev avancé** : BUT3 RA1B -> <t:1769583600:t> - <t:1769590800:t> en __S26__
<t:1769590800:D> **11R5.A.04 Qualité algo** : WATRIGANT REMI -> <t:1769590800:t> - <t:1769598000:t> en __S26__
<t:1769605200:D> **11R5.A.10 MongoDB avancé** : AIDEL OSMAN -> <t:1769605200:t> - <t:1769612400:t> en __S26__
<t:1769612400:D> **R5.A.14 Anglais TPA** : BESSAC MARIETTE -> <t:1769612400:t> - <t:1769619600:t> en __028__
<t:1769670000:D> **21 R5.A.11 Aide à la décision TD RA** : JALOUX CHRISTOPHE -> <t:1769670000:t> - <t:1769677200:t> en __S26__
<t:1769677200:D> **S5.A.01 SAE Dev avancé A** : BUT3 RA1A -> <t:1769677200:t> - <t:1769684400:t> en __S16__
<t:1769697000:D> **11R5.A.10 MongoDB avancé** : AIDEL OSMAN -> <t:1769697000:t> - <t:1769704200:t> en __S26__
<t:1769756400:D> **11R5.A.10 MongoDB avancé** : AIDEL OSMAN -> <t:1769756400:t> - <t:1769763600:t> en __S26__
<t:1769763600:D> **11 R5.A.11 Aide à la décision TD RA** : JALOUX CHRISTOPHE -> <t:1769763600:t> - <t:1769770800:t> en __S26__
<t:1769776200:D> **R5.03 Communication TPA** : DEBOUTE JOCELYNE -> <t:1769776200:t> - <t:1769783400:t> en __S15__

[2026-01-25T19:14:53.650Z] info: Message sent to channel 1409494181839376455: <t:1769410800:D> **21R5.A.10 Neo4J** : FACI NOURA -> <t:1769410800:t> - <t:1769418000:t> en __S26__
<t:1769418000:D> **11R5.A.10 Neo4J** : FACI NOURA -> <t:1769418000:t> - <t:1769425200:t> en __S26__
<t:1769432400:D> **R5.A.06 Programmation multimédia TPA** : PEYTAVIE ADRIEN -> <t:1769432400:t> - <t:1769439600:t> en __S26__
<t:1769439600:D> **S5.A.01 SAE Dev avancé AP** : PEYTAVIE ADRIEN -> <t:1769439600:t> - <t:1769446800:t> en __S26__
<t:1769504400:D> **S5.A.01 SAE Dev avancé A** : BUT3 RA1A -> <t:1769504400:t> - <t:1769511600:t> en __S26__
<t:1769518800:D> **11R5.A.02 PPP TD** : VIZET PONCET CECILE -> <t:1769518800:t> - <t:1769526000:t> en __S26__
<t:1769526000:D> **21R5.A.04 Qualité algo** : WATRIGANT REMI -> <t:1769526000:t> - <t:1769533200:t> en __S26__
<t:1769583600:D> **S5.A.01 SAE Dev avancé** : BUT3 RA1B -> <t:1769583600:t> - <t:1769590800:t> en __S26__
<t:1769590800:D> **11R5.A.04 Qualité algo** : WATRIGANT REMI -> <t:1769590800:t> - <t:1769598000:t> en __S26__
<t:1769605200:D> **11R5.A.10 MongoDB avancé** : AIDEL OSMAN -> <t:1769605200:t> - <t:1769612400:t> en __S26__
<t:1769612400:D> **R5.A.14 Anglais TPA** : BESSAC MARIETTE -> <t:1769612400:t> - <t:1769619600:t> en __028__
<t:1769670000:D> **21 R5.A.11 Aide à la décision TD RA** : JALOUX CHRISTOPHE -> <t:1769670000:t> - <t:1769677200:t> en __S26__
<t:1769677200:D> **S5.A.01 SAE Dev avancé A** : BUT3 RA1A -> <t:1769677200:t> - <t:1769684400:t> en __S16__
<t:1769697000:D> **11R5.A.10 MongoDB avancé** : AIDEL OSMAN -> <t:1769697000:t> - <t:1769704200:t> en __S26__
<t:1769756400:D> **11R5.A.10 MongoDB avancé** : AIDEL OSMAN -> <t:1769756400:t> - <t:1769763600:t> en __S26__
<t:1769763600:D> **11 R5.A.11 Aide à la décision TD RA** : JALOUX CHRISTOPHE -> <t:1769763600:t> - <t:1769770800:t> en __S26__
<t:1769776200:D> **R5.03 Communication TPA** : DEBOUTE JOCELYNE -> <t:1769776200:t> - <t:1769783400:t> en __S15__

[2026-01-25T19:14:53.656Z] info: Sending message to channel 1409494206942286006: <t:1769410800:D> **21R5.A.10 Neo4J** : FACI NOURA -> <t:1769410800:t> - <t:1769418000:t> en __S26__
<t:1769418000:D> **11R5.A.10 Neo4J** : FACI NOURA -> <t:1769418000:t> - <t:1769425200:t> en __S26__
<t:1769432400:D> **S5.A.01 SAE Dev avancé B** : BUT3 RA1B -> <t:1769432400:t> - <t:1769439600:t> en __S24__
<t:1769439600:D> **S5.A.01 SAE Dev avancé AP** : PEYTAVIE ADRIEN -> <t:1769439600:t> - <t:1769446800:t> en __S26__
<t:1769504400:D> **R5.A.14 Anglais TPB** : BESSAC MARIETTE -> <t:1769504400:t> - <t:1769511600:t> en __028__
<t:1769518800:D> **11R5.A.02 PPP TD** : VIZET PONCET CECILE -> <t:1769518800:t> - <t:1769526000:t> en __S26__
<t:1769526000:D> **21R5.A.04 Qualité algo** : WATRIGANT REMI -> <t:1769526000:t> - <t:1769533200:t> en __S26__
<t:1769583600:D> **S5.A.01 SAE Dev avancé** : BUT3 RA1B -> <t:1769583600:t> - <t:1769590800:t> en __S26__
<t:1769590800:D> **11R5.A.04 Qualité algo** : WATRIGANT REMI -> <t:1769590800:t> - <t:1769598000:t> en __S26__
<t:1769605200:D> **11R5.A.10 MongoDB avancé** : AIDEL OSMAN -> <t:1769605200:t> - <t:1769612400:t> en __S26__
<t:1769612400:D> **S5.A.01 SAE Dev avancé B** : BUT3 RA1B -> <t:1769612400:t> - <t:1769619600:t> en __S26__
<t:1769670000:D> **21 R5.A.11 Aide à la décision TD RA** : JALOUX CHRISTOPHE -> <t:1769670000:t> - <t:1769677200:t> en __S26__
<t:1769677200:D> **21R5.A.06 Programmation multimédia TPB** : PEYTAVIE ADRIEN -> <t:1769677200:t> - <t:1769684400:t> en __S26__
<t:1769689800:D> **R5.03 Communication TPB** : DEBOUTE JOCELYNE -> <t:1769689800:t> - <t:1769697000:t> en __S12__
<t:1769697000:D> **11R5.A.10 MongoDB avancé** : AIDEL OSMAN -> <t:1769697000:t> - <t:1769704200:t> en __S26__
<t:1769756400:D> **11R5.A.10 MongoDB avancé** : AIDEL OSMAN -> <t:1769756400:t> - <t:1769763600:t> en __S26__
<t:1769763600:D> **11 R5.A.11 Aide à la décision TD RA** : JALOUX CHRISTOPHE -> <t:1769763600:t> - <t:1769770800:t> en __S26__

[2026-01-25T19:14:53.656Z] info: Message sent to channel 1409494206942286006: <t:1769410800:D> **21R5.A.10 Neo4J** : FACI NOURA -> <t:1769410800:t> - <t:1769418000:t> en __S26__
<t:1769418000:D> **11R5.A.10 Neo4J** : FACI NOURA -> <t:1769418000:t> - <t:1769425200:t> en __S26__
<t:1769432400:D> **S5.A.01 SAE Dev avancé B** : BUT3 RA1B -> <t:1769432400:t> - <t:1769439600:t> en __S24__
<t:1769439600:D> **S5.A.01 SAE Dev avancé AP** : PEYTAVIE ADRIEN -> <t:1769439600:t> - <t:1769446800:t> en __S26__
<t:1769504400:D> **R5.A.14 Anglais TPB** : BESSAC MARIETTE -> <t:1769504400:t> - <t:1769511600:t> en __028__
<t:1769518800:D> **11R5.A.02 PPP TD** : VIZET PONCET CECILE -> <t:1769518800:t> - <t:1769526000:t> en __S26__
<t:1769526000:D> **21R5.A.04 Qualité algo** : WATRIGANT REMI -> <t:1769526000:t> - <t:1769533200:t> en __S26__
<t:1769583600:D> **S5.A.01 SAE Dev avancé** : BUT3 RA1B -> <t:1769583600:t> - <t:1769590800:t> en __S26__
<t:1769590800:D> **11R5.A.04 Qualité algo** : WATRIGANT REMI -> <t:1769590800:t> - <t:1769598000:t> en __S26__
<t:1769605200:D> **11R5.A.10 MongoDB avancé** : AIDEL OSMAN -> <t:1769605200:t> - <t:1769612400:t> en __S26__
<t:1769612400:D> **S5.A.01 SAE Dev avancé B** : BUT3 RA1B -> <t:1769612400:t> - <t:1769619600:t> en __S26__
<t:1769670000:D> **21 R5.A.11 Aide à la décision TD RA** : JALOUX CHRISTOPHE -> <t:1769670000:t> - <t:1769677200:t> en __S26__
<t:1769677200:D> **21R5.A.06 Programmation multimédia TPB** : PEYTAVIE ADRIEN -> <t:1769677200:t> - <t:1769684400:t> en __S26__
<t:1769689800:D> **R5.03 Communication TPB** : DEBOUTE JOCELYNE -> <t:1769689800:t> - <t:1769697000:t> en __S12__
<t:1769697000:D> **11R5.A.10 MongoDB avancé** : AIDEL OSMAN -> <t:1769697000:t> - <t:1769704200:t> en __S26__
<t:1769756400:D> **11R5.A.10 MongoDB avancé** : AIDEL OSMAN -> <t:1769756400:t> - <t:1769763600:t> en __S26__
<t:1769763600:D> **11 R5.A.11 Aide à la décision TD RA** : JALOUX CHRISTOPHE -> <t:1769763600:t> - <t:1769770800:t> en __S26__

[2026-01-25T19:14:53.663Z] info: Message sent to channel 1409495503292338257 in 19 parts.
[2026-01-25T19:14:53.669Z] info: Message sent to channel 1409495513891344426 in 19 parts.
[2026-01-25T19:14:53.673Z] info: Sending message to channel 1409495882436706366: <t:1769432400:D> **21Perfectionnement en système et réseau P2 BARON** : BARON ARIANE -> <t:1769432400:t> - <t:1769439600:t> en __S01__
<t:1769439600:D> **11Perfectionnement en système et réseau P2 BARON** : BARON ARIANE -> <t:1769439600:t> - <t:1769446800:t> en __S01__
<t:1769497200:D> **TOEIC Blanc** : CANQUE FLORENCE -> <t:1769497200:t> - <t:1769504400:t> en __026-Langues__
<t:1769504400:D> **R5.B.06 Radius TD** : BALDE THIERNO -> <t:1769504400:t> - <t:1769511600:t> en __S01__
<t:1769518800:D> **21 S5.B.01 Saé cybersécurité** : BALDE THIERNO -> <t:1769518800:t> - <t:1769526000:t> en __S01__
<t:1769526000:D> **Administration des BD** : BARON ARIANE -> <t:1769526000:t> - <t:1769533200:t> en __S27__
<t:1769590800:D> **11 R6.01 Droit du numérique** : MAGNIN FLORENCE -> <t:1769590800:t> - <t:1769598000:t> en __S01__
<t:1769605200:D> **21 R6.01 Droit du numérique** : MAGNIN FLORENCE -> <t:1769605200:t> - <t:1769612400:t> en __S01__
<t:1769612400:D> **Administration des BD** : BARON ARIANE -> <t:1769612400:t> - <t:1769619600:t> en __S27__
<t:1769670000:D> **R5.B.04 Bash-scripting** : TORTAY LOIC -> <t:1769670000:t> - <t:1769677200:t> en __S01__
<t:1769677200:D> **Administration des BD** : BARON ARIANE -> <t:1769677200:t> - <t:1769684400:t> en __S22__
<t:1769691600:D> **11 R5.B.09 Cybercecurite TD** : BALDE THIERNO -> <t:1769691600:t> - <t:1769698800:t> en __S01__
<t:1769698800:D> **21 R5.B.09 Cybercecurite TD** : BALDE THIERNO -> <t:1769698800:t> - <t:1769706000:t> en __S01__
<t:1769763600:D> **11 R5.B.05 Automatisation de la chaîne de production** : BUSSON ANTHONY -> <t:1769763600:t> - <t:1769770800:t> en __S01__

[2026-01-25T19:14:53.674Z] info: Message sent to channel 1409495882436706366: <t:1769432400:D> **21Perfectionnement en système et réseau P2 BARON** : BARON ARIANE -> <t:1769432400:t> - <t:1769439600:t> en __S01__
<t:1769439600:D> **11Perfectionnement en système et réseau P2 BARON** : BARON ARIANE -> <t:1769439600:t> - <t:1769446800:t> en __S01__
<t:1769497200:D> **TOEIC Blanc** : CANQUE FLORENCE -> <t:1769497200:t> - <t:1769504400:t> en __026-Langues__
<t:1769504400:D> **R5.B.06 Radius TD** : BALDE THIERNO -> <t:1769504400:t> - <t:1769511600:t> en __S01__
<t:1769518800:D> **21 S5.B.01 Saé cybersécurité** : BALDE THIERNO -> <t:1769518800:t> - <t:1769526000:t> en __S01__
<t:1769526000:D> **Administration des BD** : BARON ARIANE -> <t:1769526000:t> - <t:1769533200:t> en __S27__
<t:1769590800:D> **11 R6.01 Droit du numérique** : MAGNIN FLORENCE -> <t:1769590800:t> - <t:1769598000:t> en __S01__
<t:1769605200:D> **21 R6.01 Droit du numérique** : MAGNIN FLORENCE -> <t:1769605200:t> - <t:1769612400:t> en __S01__
<t:1769612400:D> **Administration des BD** : BARON ARIANE -> <t:1769612400:t> - <t:1769619600:t> en __S27__
<t:1769670000:D> **R5.B.04 Bash-scripting** : TORTAY LOIC -> <t:1769670000:t> - <t:1769677200:t> en __S01__
<t:1769677200:D> **Administration des BD** : BARON ARIANE -> <t:1769677200:t> - <t:1769684400:t> en __S22__
<t:1769691600:D> **11 R5.B.09 Cybercecurite TD** : BALDE THIERNO -> <t:1769691600:t> - <t:1769698800:t> en __S01__
<t:1769698800:D> **21 R5.B.09 Cybercecurite TD** : BALDE THIERNO -> <t:1769698800:t> - <t:1769706000:t> en __S01__
<t:1769763600:D> **11 R5.B.05 Automatisation de la chaîne de production** : BUSSON ANTHONY -> <t:1769763600:t> - <t:1769770800:t> en __S01__

[2026-01-25T19:14:53.682Z] info: Message sent to channel 1409496113396060181 in 20 parts.
[2026-01-25T19:14:53.683Z] info: Weekly timetables sent
[2026-01-25T19:15:02.287Z] info: Received command: send_today from user: 1280802417100980258
[2026-01-25T19:15:04.587Z] info: Downloading ICS files for tomorrow for groups: aspea, aspeb, g1s2a, g1s2b, g2s2a, g2s2b, g3s2a, g3s2b, g4s2a, g4s2b, g5s2a, g5s2b, g1s4a, g1s4b, g2s4a, g2s4b, g3a2, g4s4a, g4s4b, but3ra1a, but3ra1b, but3ra2a, but3ra2b, but3ra3a, but3ra3b, but3dacs, but3aged
[2026-01-25T19:15:04.587Z] info: Downloading ICS file from https://edt.univ-lyon1.fr/jsp/custom/modules/plannings/anonymous_cal.jsp?resources=9272&projectId=1&calType=ical&firstDate=2026-01-26&lastDate=2026-01-26 to src/calendars/tomorrow/aspea.ics
[2026-01-25T19:15:04.697Z] info: ICS file downloaded successfully to src/calendars/tomorrow/aspea.ics
[2026-01-25T19:15:04.698Z] info: ICS file for aspea downloaded successfully.
[2026-01-25T19:15:04.698Z] info: Downloading ICS file from https://edt.univ-lyon1.fr/jsp/custom/modules/plannings/anonymous_cal.jsp?resources=18783&projectId=1&calType=ical&firstDate=2026-01-26&lastDate=2026-01-26 to src/calendars/tomorrow/aspeb.ics
[2026-01-25T19:15:04.769Z] info: ICS file downloaded successfully to src/calendars/tomorrow/aspeb.ics
[2026-01-25T19:15:04.771Z] info: ICS file for aspeb downloaded successfully.
[2026-01-25T19:15:04.771Z] info: Downloading ICS file from https://edt.univ-lyon1.fr/jsp/custom/modules/plannings/anonymous_cal.jsp?resources=51542&projectId=1&calType=ical&firstDate=2026-01-26&lastDate=2026-01-26 to src/calendars/tomorrow/g1s2a.ics
[2026-01-25T19:15:04.884Z] info: ICS file downloaded successfully to src/calendars/tomorrow/g1s2a.ics
[2026-01-25T19:15:04.884Z] info: ICS file for g1s2a downloaded successfully.
[2026-01-25T19:15:04.885Z] info: Downloading ICS file from https://edt.univ-lyon1.fr/jsp/custom/modules/plannings/anonymous_cal.jsp?resources=51543&projectId=1&calType=ical&firstDate=2026-01-26&lastDate=2026-01-26 to src/calendars/tomorrow/g1s2b.ics
[2026-01-25T19:15:04.938Z] info: ICS file downloaded successfully to src/calendars/tomorrow/g1s2b.ics
[2026-01-25T19:15:04.939Z] info: ICS file for g1s2b downloaded successfully.
[2026-01-25T19:15:04.939Z] info: Downloading ICS file from https://edt.univ-lyon1.fr/jsp/custom/modules/plannings/anonymous_cal.jsp?resources=51545&projectId=1&calType=ical&firstDate=2026-01-26&lastDate=2026-01-26 to src/calendars/tomorrow/g2s2a.ics
[2026-01-25T19:15:04.984Z] info: ICS file downloaded successfully to src/calendars/tomorrow/g2s2a.ics
[2026-01-25T19:15:04.984Z] info: ICS file for g2s2a downloaded successfully.
[2026-01-25T19:15:04.985Z] info: Downloading ICS file from https://edt.univ-lyon1.fr/jsp/custom/modules/plannings/anonymous_cal.jsp?resources=51546&projectId=1&calType=ical&firstDate=2026-01-26&lastDate=2026-01-26 to src/calendars/tomorrow/g2s2b.ics
[2026-01-25T19:15:05.100Z] info: ICS file downloaded successfully to src/calendars/tomorrow/g2s2b.ics
[2026-01-25T19:15:05.100Z] info: ICS file for g2s2b downloaded successfully.
[2026-01-25T19:15:05.101Z] info: Downloading ICS file from https://edt.univ-lyon1.fr/jsp/custom/modules/plannings/anonymous_cal.jsp?resources=51548&projectId=1&calType=ical&firstDate=2026-01-26&lastDate=2026-01-26 to src/calendars/tomorrow/g3s2a.ics
[2026-01-25T19:15:05.162Z] info: ICS file downloaded successfully to src/calendars/tomorrow/g3s2a.ics
[2026-01-25T19:15:05.163Z] info: ICS file for g3s2a downloaded successfully.
[2026-01-25T19:15:05.163Z] info: Downloading ICS file from https://edt.univ-lyon1.fr/jsp/custom/modules/plannings/anonymous_cal.jsp?resources=51549&projectId=1&calType=ical&firstDate=2026-01-26&lastDate=2026-01-26 to src/calendars/tomorrow/g3s2b.ics
[2026-01-25T19:15:05.243Z] info: ICS file downloaded successfully to src/calendars/tomorrow/g3s2b.ics
[2026-01-25T19:15:05.244Z] info: ICS file for g3s2b downloaded successfully.
[2026-01-25T19:15:05.244Z] info: Downloading ICS file from https://edt.univ-lyon1.fr/jsp/custom/modules/plannings/anonymous_cal.jsp?resources=51551&projectId=1&calType=ical&firstDate=2026-01-26&lastDate=2026-01-26 to src/calendars/tomorrow/g4s2a.ics
[2026-01-25T19:15:05.295Z] info: ICS file downloaded successfully to src/calendars/tomorrow/g4s2a.ics
[2026-01-25T19:15:05.295Z] info: ICS file for g4s2a downloaded successfully.
[2026-01-25T19:15:05.296Z] info: Downloading ICS file from https://edt.univ-lyon1.fr/jsp/custom/modules/plannings/anonymous_cal.jsp?resources=51552&projectId=1&calType=ical&firstDate=2026-01-26&lastDate=2026-01-26 to src/calendars/tomorrow/g4s2b.ics
[2026-01-25T19:15:05.354Z] info: ICS file downloaded successfully to src/calendars/tomorrow/g4s2b.ics
[2026-01-25T19:15:05.354Z] info: ICS file for g4s2b downloaded successfully.
[2026-01-25T19:15:05.355Z] info: Downloading ICS file from https://edt.univ-lyon1.fr/jsp/custom/modules/plannings/anonymous_cal.jsp?resources=51554&projectId=1&calType=ical&firstDate=2026-01-26&lastDate=2026-01-26 to src/calendars/tomorrow/g5s2a.ics
[2026-01-25T19:15:05.404Z] info: ICS file downloaded successfully to src/calendars/tomorrow/g5s2a.ics
[2026-01-25T19:15:05.404Z] info: ICS file for g5s2a downloaded successfully.
[2026-01-25T19:15:05.405Z] info: Downloading ICS file from https://edt.univ-lyon1.fr/jsp/custom/modules/plannings/anonymous_cal.jsp?resources=51555&projectId=1&calType=ical&firstDate=2026-01-26&lastDate=2026-01-26 to src/calendars/tomorrow/g5s2b.ics
[2026-01-25T19:15:05.480Z] info: ICS file downloaded successfully to src/calendars/tomorrow/g5s2b.ics
[2026-01-25T19:15:05.480Z] info: ICS file for g5s2b downloaded successfully.
[2026-01-25T19:15:05.481Z] info: Downloading ICS file from https://edt.univ-lyon1.fr/jsp/custom/modules/plannings/anonymous_cal.jsp?resources=85875&projectId=1&calType=ical&firstDate=2026-01-26&lastDate=2026-01-26 to src/calendars/tomorrow/g1s4a.ics
[2026-01-25T19:15:05.595Z] info: ICS file downloaded successfully to src/calendars/tomorrow/g1s4a.ics
[2026-01-25T19:15:05.595Z] info: ICS file for g1s4a downloaded successfully.
[2026-01-25T19:15:05.595Z] info: Downloading ICS file from https://edt.univ-lyon1.fr/jsp/custom/modules/plannings/anonymous_cal.jsp?resources=85876&projectId=1&calType=ical&firstDate=2026-01-26&lastDate=2026-01-26 to src/calendars/tomorrow/g1s4b.ics
[2026-01-25T19:15:05.698Z] info: ICS file downloaded successfully to src/calendars/tomorrow/g1s4b.ics
[2026-01-25T19:15:05.698Z] info: ICS file for g1s4b downloaded successfully.
[2026-01-25T19:15:05.699Z] info: Downloading ICS file from https://edt.univ-lyon1.fr/jsp/custom/modules/plannings/anonymous_cal.jsp?resources=85873&projectId=1&calType=ical&firstDate=2026-01-26&lastDate=2026-01-26 to src/calendars/tomorrow/g2s4a.ics
[2026-01-25T19:15:05.834Z] info: ICS file downloaded successfully to src/calendars/tomorrow/g2s4a.ics
[2026-01-25T19:15:05.835Z] info: ICS file for g2s4a downloaded successfully.
[2026-01-25T19:15:05.835Z] info: Downloading ICS file from https://edt.univ-lyon1.fr/jsp/custom/modules/plannings/anonymous_cal.jsp?resources=85874&projectId=1&calType=ical&firstDate=2026-01-26&lastDate=2026-01-26 to src/calendars/tomorrow/g2s4b.ics
[2026-01-25T19:15:05.923Z] info: ICS file downloaded successfully to src/calendars/tomorrow/g2s4b.ics
[2026-01-25T19:15:05.924Z] info: ICS file for g2s4b downloaded successfully.
[2026-01-25T19:15:05.924Z] info: Downloading ICS file from https://edt.univ-lyon1.fr/jsp/custom/modules/plannings/anonymous_cal.jsp?resources=35714&projectId=1&calType=ical&firstDate=2026-01-26&lastDate=2026-01-26 to src/calendars/tomorrow/g3a2.ics
[2026-01-25T19:15:06.008Z] info: ICS file downloaded successfully to src/calendars/tomorrow/g3a2.ics
[2026-01-25T19:15:06.008Z] info: ICS file for g3a2 downloaded successfully.
[2026-01-25T19:15:06.009Z] info: Downloading ICS file from https://edt.univ-lyon1.fr/jsp/custom/modules/plannings/anonymous_cal.jsp?resources=85877&projectId=1&calType=ical&firstDate=2026-01-26&lastDate=2026-01-26 to src/calendars/tomorrow/g4s4a.ics
[2026-01-25T19:15:06.083Z] info: ICS file downloaded successfully to src/calendars/tomorrow/g4s4a.ics
[2026-01-25T19:15:06.084Z] info: ICS file for g4s4a downloaded successfully.
[2026-01-25T19:15:06.084Z] info: Downloading ICS file from https://edt.univ-lyon1.fr/jsp/custom/modules/plannings/anonymous_cal.jsp?resources=85878&projectId=1&calType=ical&firstDate=2026-01-26&lastDate=2026-01-26 to src/calendars/tomorrow/g4s4b.ics
[2026-01-25T19:15:06.191Z] info: ICS file downloaded successfully to src/calendars/tomorrow/g4s4b.ics
[2026-01-25T19:15:06.191Z] info: ICS file for g4s4b downloaded successfully.
[2026-01-25T19:15:06.192Z] info: Downloading ICS file from https://edt.univ-lyon1.fr/jsp/custom/modules/plannings/anonymous_cal.jsp?resources=6161&projectId=1&calType=ical&firstDate=2026-01-26&lastDate=2026-01-26 to src/calendars/tomorrow/but3ra1a.ics
[2026-01-25T19:15:06.277Z] info: ICS file downloaded successfully to src/calendars/tomorrow/but3ra1a.ics
[2026-01-25T19:15:06.277Z] info: ICS file for but3ra1a downloaded successfully.
[2026-01-25T19:15:06.277Z] info: Downloading ICS file from https://edt.univ-lyon1.fr/jsp/custom/modules/plannings/anonymous_cal.jsp?resources=6163&projectId=1&calType=ical&firstDate=2026-01-26&lastDate=2026-01-26 to src/calendars/tomorrow/but3ra1b.ics
[2026-01-25T19:15:06.348Z] info: ICS file downloaded successfully to src/calendars/tomorrow/but3ra1b.ics
[2026-01-25T19:15:06.349Z] info: ICS file for but3ra1b downloaded successfully.
[2026-01-25T19:15:06.349Z] info: Downloading ICS file from https://edt.univ-lyon1.fr/jsp/custom/modules/plannings/anonymous_cal.jsp?resources=6165&projectId=1&calType=ical&firstDate=2026-01-26&lastDate=2026-01-26 to src/calendars/tomorrow/but3ra2a.ics
[2026-01-25T19:15:06.451Z] info: ICS file downloaded successfully to src/calendars/tomorrow/but3ra2a.ics
[2026-01-25T19:15:06.451Z] info: ICS file for but3ra2a downloaded successfully.
[2026-01-25T19:15:06.452Z] info: Downloading ICS file from https://edt.univ-lyon1.fr/jsp/custom/modules/plannings/anonymous_cal.jsp?resources=6168&projectId=1&calType=ical&firstDate=2026-01-26&lastDate=2026-01-26 to src/calendars/tomorrow/but3ra2b.ics
[2026-01-25T19:15:06.545Z] info: ICS file downloaded successfully to src/calendars/tomorrow/but3ra2b.ics
[2026-01-25T19:15:06.545Z] info: ICS file for but3ra2b downloaded successfully.
[2026-01-25T19:15:06.546Z] info: Downloading ICS file from https://edt.univ-lyon1.fr/jsp/custom/modules/plannings/anonymous_cal.jsp?resources=14059&projectId=1&calType=ical&firstDate=2026-01-26&lastDate=2026-01-26 to src/calendars/tomorrow/but3ra3a.ics
[2026-01-25T19:15:06.621Z] info: ICS file downloaded successfully to src/calendars/tomorrow/but3ra3a.ics
[2026-01-25T19:15:06.621Z] info: ICS file for but3ra3a downloaded successfully.
[2026-01-25T19:15:06.621Z] info: Downloading ICS file from https://edt.univ-lyon1.fr/jsp/custom/modules/plannings/anonymous_cal.jsp?resources=14064&projectId=1&calType=ical&firstDate=2026-01-26&lastDate=2026-01-26 to src/calendars/tomorrow/but3ra3b.ics
[2026-01-25T19:15:06.699Z] info: ICS file downloaded successfully to src/calendars/tomorrow/but3ra3b.ics
[2026-01-25T19:15:06.699Z] info: ICS file for but3ra3b downloaded successfully.
[2026-01-25T19:15:06.699Z] info: Downloading ICS file from https://edt.univ-lyon1.fr/jsp/custom/modules/plannings/anonymous_cal.jsp?resources=6136&projectId=1&calType=ical&firstDate=2026-01-26&lastDate=2026-01-26 to src/calendars/tomorrow/but3dacs.ics
[2026-01-25T19:15:06.815Z] info: ICS file downloaded successfully to src/calendars/tomorrow/but3dacs.ics
[2026-01-25T19:15:06.815Z] info: ICS file for but3dacs downloaded successfully.
[2026-01-25T19:15:06.815Z] info: Downloading ICS file from https://edt.univ-lyon1.fr/jsp/custom/modules/plannings/anonymous_cal.jsp?resources=6048&projectId=1&calType=ical&firstDate=2026-01-26&lastDate=2026-01-26 to src/calendars/tomorrow/but3aged.ics
[2026-01-25T19:15:06.892Z] info: ICS file downloaded successfully to src/calendars/tomorrow/but3aged.ics
[2026-01-25T19:15:06.893Z] info: ICS file for but3aged downloaded successfully.
[2026-01-25T19:15:06.893Z] info: Sending daily timetables
[2026-01-25T19:15:06.906Z] info: Sending message to channel 1395371772550975558: <t:1769410800:D> **11 S2.19 Gestion TD** : DUFOUR KARLINE -> <t:1769410800:t> - <t:1769418000:t> en __S11__
<t:1769418000:D> **S2.21 SAÉ - ASPE** : WATRIGANT REMI -> <t:1769418000:t> - <t:1769425200:t> en __S22__
<t:1769432400:D> **11 S2.18 Communication-TD** : DEBOUTE JOCELYNE -> <t:1769432400:t> - <t:1769439600:t> en __040__
<t:1769439600:D> **S2.17 Anglais ASPE** : BESSAC MARIETTE -> <t:1769439600:t> - <t:1769446800:t> en __028__

[2026-01-25T19:15:06.906Z] info: Message sent to channel 1395371772550975558: <t:1769410800:D> **11 S2.19 Gestion TD** : DUFOUR KARLINE -> <t:1769410800:t> - <t:1769418000:t> en __S11__
<t:1769418000:D> **S2.21 SAÉ - ASPE** : WATRIGANT REMI -> <t:1769418000:t> - <t:1769425200:t> en __S22__
<t:1769432400:D> **11 S2.18 Communication-TD** : DEBOUTE JOCELYNE -> <t:1769432400:t> - <t:1769439600:t> en __040__
<t:1769439600:D> **S2.17 Anglais ASPE** : BESSAC MARIETTE -> <t:1769439600:t> - <t:1769446800:t> en __028__

[2026-01-25T19:15:06.909Z] info: Sending message to channel 1330181810289905847: <t:1769432400:D> **R4.05 Anglais-TPA** : BESSAC MARIETTE -> <t:1769432400:t> - <t:1769439600:t> en __028__
<t:1769439600:D> **11 R4.04 Méthodes d'optimisation-TD** : JOUBERT AUDE -> <t:1769439600:t> - <t:1769446800:t> en __S16__

[2026-01-25T19:15:06.909Z] info: Message sent to channel 1330181810289905847: <t:1769432400:D> **R4.05 Anglais-TPA** : BESSAC MARIETTE -> <t:1769432400:t> - <t:1769439600:t> en __028__
<t:1769439600:D> **11 R4.04 Méthodes d'optimisation-TD** : JOUBERT AUDE -> <t:1769439600:t> - <t:1769446800:t> en __S16__

[2026-01-25T19:15:06.910Z] info: Sending message to channel 1330181968075165769: <t:1769439600:D> **11 R4.04 Méthodes d'optimisation-TD** : JOUBERT AUDE -> <t:1769439600:t> - <t:1769446800:t> en __S16__

[2026-01-25T19:15:06.910Z] info: Message sent to channel 1330181968075165769: <t:1769439600:D> **11 R4.04 Méthodes d'optimisation-TD** : JOUBERT AUDE -> <t:1769439600:t> - <t:1769446800:t> en __S16__

[2026-01-25T19:15:06.911Z] info: Sending message to channel 1330181829667328071: <t:1769418000:D> **R4.07 PPP-TD** : DEBOUTE JOCELYNE -> <t:1769418000:t> - <t:1769425200:t> en __S21__
<t:1769439600:D> **R4.07 PPP-TD** : DEBOUTE JOCELYNE -> <t:1769439600:t> - <t:1769446800:t> en __S21__

[2026-01-25T19:15:06.911Z] info: Message sent to channel 1330181829667328071: <t:1769418000:D> **R4.07 PPP-TD** : DEBOUTE JOCELYNE -> <t:1769418000:t> - <t:1769425200:t> en __S21__
<t:1769439600:D> **R4.07 PPP-TD** : DEBOUTE JOCELYNE -> <t:1769439600:t> - <t:1769446800:t> en __S21__

[2026-01-25T19:15:06.912Z] info: Sending message to channel 1330181981320777738: <t:1769418000:D> **R4.07 PPP-TD** : DEBOUTE JOCELYNE -> <t:1769418000:t> - <t:1769425200:t> en __S21__
<t:1769439600:D> **R4.07 PPP-TD** : DEBOUTE JOCELYNE -> <t:1769439600:t> - <t:1769446800:t> en __S21__

[2026-01-25T19:15:06.912Z] info: Message sent to channel 1330181981320777738: <t:1769418000:D> **R4.07 PPP-TD** : DEBOUTE JOCELYNE -> <t:1769418000:t> - <t:1769425200:t> en __S21__
<t:1769439600:D> **R4.07 PPP-TD** : DEBOUTE JOCELYNE -> <t:1769439600:t> - <t:1769446800:t> en __S21__

[2026-01-25T19:15:06.913Z] info: Sending message to channel 1330181841524756501: <t:1769410800:D> **R4.C.10-2 Modélisation-TD G4** : MAS SEBASTIEN -> <t:1769410800:t> - <t:1769418000:t> en __S17__
<t:1769418000:D> **R4.C.10-2 Modélisation-TD G4** : MAS SEBASTIEN -> <t:1769418000:t> - <t:1769425200:t> en __S17__

[2026-01-25T19:15:06.915Z] info: Message sent to channel 1330181841524756501: <t:1769410800:D> **R4.C.10-2 Modélisation-TD G4** : MAS SEBASTIEN -> <t:1769410800:t> - <t:1769418000:t> en __S17__
<t:1769418000:D> **R4.C.10-2 Modélisation-TD G4** : MAS SEBASTIEN -> <t:1769418000:t> - <t:1769425200:t> en __S17__

[2026-01-25T19:15:06.916Z] info: Sending message to channel 1330181996743364679: <t:1769410800:D> **R4.C.10-2 Modélisation-TD G4** : MAS SEBASTIEN -> <t:1769410800:t> - <t:1769418000:t> en __S17__
<t:1769418000:D> **R4.C.10-2 Modélisation-TD G4** : MAS SEBASTIEN -> <t:1769418000:t> - <t:1769425200:t> en __S17__

[2026-01-25T19:15:06.917Z] info: Message sent to channel 1330181996743364679: <t:1769410800:D> **R4.C.10-2 Modélisation-TD G4** : MAS SEBASTIEN -> <t:1769410800:t> - <t:1769418000:t> en __S17__
<t:1769418000:D> **R4.C.10-2 Modélisation-TD G4** : MAS SEBASTIEN -> <t:1769418000:t> - <t:1769425200:t> en __S17__

[2026-01-25T19:15:06.920Z] info: Sending message to channel 1409494181839376455: <t:1769410800:D> **21R5.A.10 Neo4J** : FACI NOURA -> <t:1769410800:t> - <t:1769418000:t> en __S26__
<t:1769418000:D> **11R5.A.10 Neo4J** : FACI NOURA -> <t:1769418000:t> - <t:1769425200:t> en __S26__
<t:1769432400:D> **R5.A.06 Programmation multimédia TPA** : PEYTAVIE ADRIEN -> <t:1769432400:t> - <t:1769439600:t> en __S26__
<t:1769439600:D> **S5.A.01 SAE Dev avancé AP** : PEYTAVIE ADRIEN -> <t:1769439600:t> - <t:1769446800:t> en __S26__

[2026-01-25T19:15:06.920Z] info: Message sent to channel 1409494181839376455: <t:1769410800:D> **21R5.A.10 Neo4J** : FACI NOURA -> <t:1769410800:t> - <t:1769418000:t> en __S26__
<t:1769418000:D> **11R5.A.10 Neo4J** : FACI NOURA -> <t:1769418000:t> - <t:1769425200:t> en __S26__
<t:1769432400:D> **R5.A.06 Programmation multimédia TPA** : PEYTAVIE ADRIEN -> <t:1769432400:t> - <t:1769439600:t> en __S26__
<t:1769439600:D> **S5.A.01 SAE Dev avancé AP** : PEYTAVIE ADRIEN -> <t:1769439600:t> - <t:1769446800:t> en __S26__

[2026-01-25T19:15:06.923Z] info: Sending message to channel 1409494206942286006: <t:1769410800:D> **21R5.A.10 Neo4J** : FACI NOURA -> <t:1769410800:t> - <t:1769418000:t> en __S26__
<t:1769418000:D> **11R5.A.10 Neo4J** : FACI NOURA -> <t:1769418000:t> - <t:1769425200:t> en __S26__
<t:1769432400:D> **S5.A.01 SAE Dev avancé B** : BUT3 RA1B -> <t:1769432400:t> - <t:1769439600:t> en __S24__
<t:1769439600:D> **S5.A.01 SAE Dev avancé AP** : PEYTAVIE ADRIEN -> <t:1769439600:t> - <t:1769446800:t> en __S26__

[2026-01-25T19:15:06.924Z] info: Message sent to channel 1409494206942286006: <t:1769410800:D> **21R5.A.10 Neo4J** : FACI NOURA -> <t:1769410800:t> - <t:1769418000:t> en __S26__
<t:1769418000:D> **11R5.A.10 Neo4J** : FACI NOURA -> <t:1769418000:t> - <t:1769425200:t> en __S26__
<t:1769432400:D> **S5.A.01 SAE Dev avancé B** : BUT3 RA1B -> <t:1769432400:t> - <t:1769439600:t> en __S24__
<t:1769439600:D> **S5.A.01 SAE Dev avancé AP** : PEYTAVIE ADRIEN -> <t:1769439600:t> - <t:1769446800:t> en __S26__

[2026-01-25T19:15:06.925Z] info: Sending message to channel 1409495503292338257: <t:1769410800:D> **S5.A.01 SAE Dev avancé A** : BUT3 RA3A -> <t:1769410800:t> - <t:1769418000:t> en __S01__
<t:1769418000:D> **R5.A.06 Programmation multimédia TPA** : PEYTAVIE ADRIEN -> <t:1769418000:t> - <t:1769425200:t> en __S13__
<t:1769432400:D> **21 R5.A.11 Aide à la décision TD RA** : JOUBERT AUDE -> <t:1769432400:t> - <t:1769439600:t> en __S13__
<t:1769439600:D> **11R5.A.02 PPP TD** : OLIVESI AURELIE -> <t:1769439600:t> - <t:1769446800:t> en __S13__

[2026-01-25T19:15:06.925Z] info: Message sent to channel 1409495503292338257: <t:1769410800:D> **S5.A.01 SAE Dev avancé A** : BUT3 RA3A -> <t:1769410800:t> - <t:1769418000:t> en __S01__
<t:1769418000:D> **R5.A.06 Programmation multimédia TPA** : PEYTAVIE ADRIEN -> <t:1769418000:t> - <t:1769425200:t> en __S13__
<t:1769432400:D> **21 R5.A.11 Aide à la décision TD RA** : JOUBERT AUDE -> <t:1769432400:t> - <t:1769439600:t> en __S13__
<t:1769439600:D> **11R5.A.02 PPP TD** : OLIVESI AURELIE -> <t:1769439600:t> - <t:1769446800:t> en __S13__

[2026-01-25T19:15:06.926Z] info: Sending message to channel 1409495513891344426: <t:1769410800:D> **21R5.A.06 Programmation multimédia TPB** : PEYTAVIE ADRIEN -> <t:1769410800:t> - <t:1769418000:t> en __S13__
<t:1769418000:D> **S5.A.01 SAE Dev avancé B** : BUT3 RA3B -> <t:1769418000:t> - <t:1769425200:t> en __S14__
<t:1769432400:D> **21 R5.A.11 Aide à la décision TD RA** : JOUBERT AUDE -> <t:1769432400:t> - <t:1769439600:t> en __S13__
<t:1769439600:D> **11R5.A.02 PPP TD** : OLIVESI AURELIE -> <t:1769439600:t> - <t:1769446800:t> en __S13__

[2026-01-25T19:15:06.926Z] info: Message sent to channel 1409495513891344426: <t:1769410800:D> **21R5.A.06 Programmation multimédia TPB** : PEYTAVIE ADRIEN -> <t:1769410800:t> - <t:1769418000:t> en __S13__
<t:1769418000:D> **S5.A.01 SAE Dev avancé B** : BUT3 RA3B -> <t:1769418000:t> - <t:1769425200:t> en __S14__
<t:1769432400:D> **21 R5.A.11 Aide à la décision TD RA** : JOUBERT AUDE -> <t:1769432400:t> - <t:1769439600:t> en __S13__
<t:1769439600:D> **11R5.A.02 PPP TD** : OLIVESI AURELIE -> <t:1769439600:t> - <t:1769446800:t> en __S13__

[2026-01-25T19:15:06.927Z] info: Sending message to channel 1409495882436706366: <t:1769432400:D> **21Perfectionnement en système et réseau P2 BARON** : BARON ARIANE -> <t:1769432400:t> - <t:1769439600:t> en __S01__
<t:1769439600:D> **11Perfectionnement en système et réseau P2 BARON** : BARON ARIANE -> <t:1769439600:t> - <t:1769446800:t> en __S01__

[2026-01-25T19:15:06.927Z] info: Message sent to channel 1409495882436706366: <t:1769432400:D> **21Perfectionnement en système et réseau P2 BARON** : BARON ARIANE -> <t:1769432400:t> - <t:1769439600:t> en __S01__
<t:1769439600:D> **11Perfectionnement en système et réseau P2 BARON** : BARON ARIANE -> <t:1769439600:t> - <t:1769446800:t> en __S01__

[2026-01-25T19:15:06.928Z] info: Sending message to channel 1409496113396060181: <t:1769410800:D> **21 R5.C.05-2 Base de données orientées graph** : KHEDDOUCI HAMAMACHE -> <t:1769410800:t> - <t:1769418000:t> en __S22__
<t:1769418000:D> **21 R5.C.09 Statistiques Inférentielles** : JOUBERT AUDE -> <t:1769418000:t> - <t:1769425200:t> en __S24__
<t:1769432400:D> **11R5.C.05-1 Modélisation décisionnelle P1** : LEFAURE CLEMENT -> <t:1769432400:t> - <t:1769439600:t> en __S22__
<t:1769439600:D> **21R5.C.05-1 Modélisation décisionnelle P1** : LEFAURE CLEMENT -> <t:1769439600:t> - <t:1769446800:t> en __S22__

[2026-01-25T19:15:06.928Z] info: Message sent to channel 1409496113396060181: <t:1769410800:D> **21 R5.C.05-2 Base de données orientées graph** : KHEDDOUCI HAMAMACHE -> <t:1769410800:t> - <t:1769418000:t> en __S22__
<t:1769418000:D> **21 R5.C.09 Statistiques Inférentielles** : JOUBERT AUDE -> <t:1769418000:t> - <t:1769425200:t> en __S24__
<t:1769432400:D> **11R5.C.05-1 Modélisation décisionnelle P1** : LEFAURE CLEMENT -> <t:1769432400:t> - <t:1769439600:t> en __S22__
<t:1769439600:D> **21R5.C.05-1 Modélisation décisionnelle P1** : LEFAURE CLEMENT -> <t:1769439600:t> - <t:1769446800:t> en __S22__

[2026-01-25T19:15:06.928Z] info: Daily timetables sent
